Component: ARM Compiler 5.06 update 7 (build 960) Tool: armlink [4d3601]

==============================================================================

Section Cross References

    main.o(i.draw_clock_ui) refers to printfa.o(i.__0snprintf) for __2snprintf
    main.o(i.draw_clock_ui) refers to st7789.o(i.ST7789_FillRect) for ST7789_FillRect
    main.o(i.draw_clock_ui) refers to st7789.o(i.ST7789_ShowString) for ST7789_ShowString
    main.o(i.draw_clock_ui) refers to memcpya.o(.text) for __aeabi_memcpy4
    main.o(i.draw_clock_ui) refers to main.o(.constdata) for .constdata
    main.o(i.draw_weather_ui) refers to st7789.o(i.ST7789_FillRect) for ST7789_FillRect
    main.o(i.draw_weather_ui) refers to printfa.o(i.__0snprintf) for __2snprintf
    main.o(i.draw_weather_ui) refers to st7789.o(i.ST7789_ShowString) for ST7789_ShowString
    main.o(i.draw_weather_ui) refers to f2d.o(.text) for __aeabi_f2d
    main.o(i.main) refers to memseta.o(.text) for __aeabi_memclr4
    main.o(i.main) refers to board.o(i.board_lowlevel_init) for board_lowlevel_init
    main.o(i.main) refers to usart1.o(i.usart1_init) for usart1_init
    main.o(i.main) refers to printfa.o(i.__0printf) for __2printf
    main.o(i.main) refers to st7789.o(i.ST7789_Init) for ST7789_Init
    main.o(i.main) refers to cpu_delay.o(i.cpu_delay) for cpu_delay
    main.o(i.main) refers to st7789.o(i.ST7789_Clear) for ST7789_Clear
    main.o(i.main) refers to st7789.o(i.ST7789_ShowString) for ST7789_ShowString
    main.o(i.main) refers to main.o(i.update_status_bar) for update_status_bar
    main.o(i.main) refers to weather.o(i.parse_seniverse_response) for parse_seniverse_response
    main.o(i.main) refers to f2d.o(.text) for __aeabi_f2d
    main.o(i.main) refers to main.o(i.draw_weather_ui) for draw_weather_ui
    main.o(i.main) refers to main.o(i.draw_clock_ui) for draw_clock_ui
    main.o(i.main) refers to board.o(.data) for usart1
    main.o(i.main) refers to esp32.o(.data) for ESP32_Device
    main.o(i.main) refers to main.o(.data) for weather_url
    main.o(i.update_status_bar) refers to st7789.o(i.ST7789_FillRect) for ST7789_FillRect
    main.o(i.update_status_bar) refers to st7789.o(i.ST7789_ShowString) for ST7789_ShowString
    main.o(.constdata) refers to main.o(.conststring) for .conststring
    main.o(.data) refers to main.o(.conststring) for .conststring
    board.o(i.board_lowlevel_init) refers to stm32f4xx_rcc.o(i.RCC_AHB1PeriphClockCmd) for RCC_AHB1PeriphClockCmd
    board.o(i.board_lowlevel_init) refers to stm32f4xx_rcc.o(i.RCC_APB2PeriphClockCmd) for RCC_APB2PeriphClockCmd
    board.o(i.fputc) refers to usart1.o(i.usart1_send_byte) for usart1_send_byte
    board.o(i.fputc) refers to board.o(.data) for usart1
    weather.o(i.json_get_val_float) refers to strstr.o(.text) for strstr
    weather.o(i.json_get_val_float) refers to strlen.o(.text) for strlen
    weather.o(i.json_get_val_float) refers to atof.o(i.__hardfp_atof) for __hardfp_atof
    weather.o(i.json_get_val_float) refers to d2f.o(.text) for __aeabi_d2f
    weather.o(i.json_get_val_int) refers to strstr.o(.text) for strstr
    weather.o(i.json_get_val_int) refers to strlen.o(.text) for strlen
    weather.o(i.json_get_val_int) refers to atoi.o(.text) for atoi
    weather.o(i.json_get_val_str) refers to strstr.o(.text) for strstr
    weather.o(i.json_get_val_str) refers to strlen.o(.text) for strlen
    weather.o(i.parse_seniverse_response) refers to memseta.o(.text) for __aeabi_memclr4
    weather.o(i.parse_seniverse_response) refers to strstr.o(.text) for strstr
    weather.o(i.parse_seniverse_response) refers to weather.o(i.json_get_val_str) for json_get_val_str
    weather.o(i.parse_seniverse_response) refers to weather.o(i.json_get_val_int) for json_get_val_int
    weather.o(i.parse_seniverse_response) refers to weather.o(i.json_get_val_float) for json_get_val_float
    usart1.o(i.usart1_init) refers to stm32f4xx_gpio.o(i.GPIO_PinAFConfig) for GPIO_PinAFConfig
    usart1.o(i.usart1_init) refers to stm32f4xx_gpio.o(i.GPIO_Init) for GPIO_Init
    usart1.o(i.usart1_init) refers to stm32f4xx_usart.o(i.USART_Init) for USART_Init
    usart1.o(i.usart1_init) refers to stm32f4xx_usart.o(i.USART_Cmd) for USART_Cmd
    usart1.o(i.usart1_send_byte) refers to stm32f4xx_usart.o(i.USART_SendData) for USART_SendData
    usart1.o(i.usart1_send_byte) refers to stm32f4xx_usart.o(i.USART_GetFlagStatus) for USART_GetFlagStatus
    st7789.o(i.SPI2_WriteByte) refers to stm32f4xx_spi.o(i.SPI_I2S_GetFlagStatus) for SPI_I2S_GetFlagStatus
    st7789.o(i.SPI2_WriteByte) refers to stm32f4xx_spi.o(i.SPI_I2S_SendData) for SPI_I2S_SendData
    st7789.o(i.SPI2_WriteByte) refers to stm32f4xx_spi.o(i.SPI_I2S_ReceiveData) for SPI_I2S_ReceiveData
    st7789.o(i.ST7789_Clear) refers to st7789.o(i.ST7789_SetWindow) for ST7789_SetWindow
    st7789.o(i.ST7789_Clear) refers to stm32f4xx_gpio.o(i.GPIO_SetBits) for GPIO_SetBits
[...]
    Removing stm32f4xx_spi.o(i.SPI_I2S_DeInit), (176 bytes).
    Removing stm32f4xx_spi.o(i.SPI_I2S_GetITStatus), (52 bytes).
    Removing stm32f4xx_spi.o(i.SPI_I2S_ITConfig), (32 bytes).
    Removing stm32f4xx_spi.o(i.SPI_NSSInternalSoftwareConfig), (30 bytes).
    Removing stm32f4xx_spi.o(i.SPI_SSOutputCmd), (24 bytes).
    Removing stm32f4xx_spi.o(i.SPI_StructInit), (24 bytes).
    Removing stm32f4xx_spi.o(i.SPI_TIModeCmd), (24 bytes).
    Removing stm32f4xx_spi.o(i.SPI_TransmitCRC), (10 bytes).
    Removing stm32f4xx_gpio.o(.rev16_text), (4 bytes).
    Removing stm32f4xx_gpio.o(.revsh_text), (4 bytes).
    Removing stm32f4xx_gpio.o(.rrx_text), (6 bytes).
    Removing stm32f4xx_gpio.o(i.GPIO_DeInit), (312 bytes).
    Removing stm32f4xx_gpio.o(i.GPIO_PinLockConfig), (34 bytes).
    Removing stm32f4xx_gpio.o(i.GPIO_ReadInputData), (8 bytes).
    Removing stm32f4xx_gpio.o(i.GPIO_ReadInputDataBit), (18 bytes).
    Removing stm32f4xx_gpio.o(i.GPIO_ReadOutputData), (8 bytes).
    Removing stm32f4xx_gpio.o(i.GPIO_ReadOutputDataBit), (18 bytes).
    Removing stm32f4xx_gpio.o(i.GPIO_StructInit), (18 bytes).
    Removing stm32f4xx_gpio.o(i.GPIO_ToggleBits), (8 bytes).
    Removing stm32f4xx_gpio.o(i.GPIO_Write), (4 bytes).
    Removing stm32f4xx_gpio.o(i.GPIO_WriteBit), (12 bytes).
    Removing stm32f4xx_rcc.o(.rev16_text), (4 bytes).
    Removing stm32f4xx_rcc.o(.revsh_text), (4 bytes).
    Removing stm32f4xx_rcc.o(.rrx_text), (6 bytes).
    Removing stm32f4xx_rcc.o(i.RCC_AHB1PeriphClockLPModeCmd), (32 bytes).
    Removing stm32f4xx_rcc.o(i.RCC_AHB1PeriphResetCmd), (32 bytes).
    Removing stm32f4xx_rcc.o(i.RCC_AHB2PeriphClockCmd), (32 bytes).
    Removing stm32f4xx_rcc.o(i.RCC_AHB2PeriphClockLPModeCmd), (32 bytes).
    Removing stm32f4xx_rcc.o(i.RCC_AHB2PeriphResetCmd), (32 bytes).
    Removing stm32f4xx_rcc.o(i.RCC_AHB3PeriphClockCmd), (32 bytes).
    Removing stm32f4xx_rcc.o(i.RCC_AHB3PeriphClockLPModeCmd), (32 bytes).
    Removing stm32f4xx_rcc.o(i.RCC_AHB3PeriphResetCmd), (32 bytes).
    Removing stm32f4xx_rcc.o(i.RCC_APB1PeriphClockLPModeCmd), (32 bytes).
    Removing stm32f4xx_rcc.o(i.RCC_APB1PeriphResetCmd), (32 bytes).
    Removing stm32f4xx_rcc.o(i.RCC_APB2PeriphClockLPModeCmd), (32 bytes).
    Removing stm32f4xx_rcc.o(i.RCC_APB2PeriphResetCmd), (32 bytes).
    Removing stm32f4xx_rcc.o(i.RCC_AdjustHSICalibrationValue), (24 bytes).
    Removing stm32f4xx_rcc.o(i.RCC_BackupResetCmd), (12 bytes).
    Removing stm32f4xx_rcc.o(i.RCC_ClearFlag), (20 bytes).
    Removing stm32f4xx_rcc.o(i.RCC_ClearITPendingBit), (12 bytes).
    Removing stm32f4xx_rcc.o(i.RCC_ClockSecuritySystemCmd), (12 bytes).
    Removing stm32f4xx_rcc.o(i.RCC_DeInit), (100 bytes).
    Removing stm32f4xx_rcc.o(i.RCC_GetFlagStatus), (64 bytes).
    Removing stm32f4xx_rcc.o(i.RCC_GetITStatus), (24 bytes).
    Removing stm32f4xx_rcc.o(i.RCC_GetSYSCLKSource), (16 bytes).
    Removing stm32f4xx_rcc.o(i.RCC_HCLKConfig), (24 bytes).
    Removing stm32f4xx_rcc.o(i.RCC_HSEConfig), (16 bytes).
    Removing stm32f4xx_rcc.o(i.RCC_HSICmd), (12 bytes).
    Removing stm32f4xx_rcc.o(i.RCC_I2SCLKConfig), (12 bytes).
    Removing stm32f4xx_rcc.o(i.RCC_ITConfig), (32 bytes).
    Removing stm32f4xx_rcc.o(i.RCC_LSEConfig), (44 bytes).
    Removing stm32f4xx_rcc.o(i.RCC_LSEModeConfig), (36 bytes).
    Removing stm32f4xx_rcc.o(i.RCC_LSICmd), (12 bytes).
    Removing stm32f4xx_rcc.o(i.RCC_LTDCCLKDivConfig), (24 bytes).
    Removing stm32f4xx_rcc.o(i.RCC_MCO1Config), (28 bytes).
    Removing stm32f4xx_rcc.o(i.RCC_MCO2Config), (28 bytes).
    Removing stm32f4xx_rcc.o(i.RCC_PCLK1Config), (24 bytes).
    Removing stm32f4xx_rcc.o(i.RCC_PCLK2Config), (24 bytes).
    Removing stm32f4xx_rcc.o(i.RCC_PLLCmd), (12 bytes).
    Removing stm32f4xx_rcc.o(i.RCC_PLLConfig), (36 bytes).
    Removing stm32f4xx_rcc.o(i.RCC_PLLI2SCmd), (12 bytes).
    Removing stm32f4xx_rcc.o(i.RCC_PLLI2SConfig), (16 bytes).
    Removing stm32f4xx_rcc.o(i.RCC_PLLSAICmd), (12 bytes).
    Removing stm32f4xx_rcc.o(i.RCC_PLLSAIConfig), (24 bytes).
    Removing stm32f4xx_rcc.o(i.RCC_RTCCLKCmd), (12 bytes).
    Removing stm32f4xx_rcc.o(i.RCC_RTCCLKConfig), (60 bytes).
    Removing stm32f4xx_rcc.o(i.RCC_SAIBlockACLKConfig), (24 bytes).
    Removing stm32f4xx_rcc.o(i.RCC_SAIBlockBCLKConfig), (24 bytes).
    Removing stm32f4xx_rcc.o(i.RCC_SAIPLLI2SClkDivConfig), (28 bytes).
    Removing stm32f4xx_rcc.o(i.RCC_SAIPLLSAIClkDivConfig), (28 bytes).
    Removing stm32f4xx_rcc.o(i.RCC_SYSCLKConfig), (24 bytes).
    Removing stm32f4xx_rcc.o(i.RCC_TIMCLKPresConfig), (12 bytes).
    Removing stm32f4xx_rcc.o(i.RCC_WaitForHSEStartUp), (56 bytes).
    Removing stm32f4xx_usart.o(.rev16_text), (4 bytes).
    Removing stm32f4xx_usart.o(.revsh_text), (4 bytes).
    Removing stm32f4xx_usart.o(.rrx_text), (6 bytes).
    Removing stm32f4xx_usart.o(i.USART_ClearFlag), (18 bytes).
    Removing stm32f4xx_usart.o(i.USART_ClearITPendingBit), (30 bytes).
    Removing stm32f4xx_usart.o(i.USART_ClockInit), (32 bytes).
    Removing stm32f4xx_usart.o(i.USART_ClockStructInit), (12 bytes).
    Removing stm32f4xx_usart.o(i.USART_DMACmd), (18 bytes).
    Removing stm32f4xx_usart.o(i.USART_DeInit), (240 bytes).
    Removing stm32f4xx_usart.o(i.USART_HalfDuplexCmd), (24 bytes).
    Removing stm32f4xx_usart.o(i.USART_IrDACmd), (24 bytes).
    Removing stm32f4xx_usart.o(i.USART_IrDAConfig), (18 bytes).
    Removing stm32f4xx_usart.o(i.USART_LINBreakDetectLengthConfig), (18 bytes).
    Removing stm32f4xx_usart.o(i.USART_LINCmd), (24 bytes).
    Removing stm32f4xx_usart.o(i.USART_OneBitMethodCmd), (24 bytes).
    Removing stm32f4xx_usart.o(i.USART_OverSampling8Cmd), (22 bytes).
    Removing stm32f4xx_usart.o(i.USART_ReceiverWakeUpCmd), (24 bytes).
    Removing stm32f4xx_usart.o(i.USART_SendBreak), (10 bytes).
    Removing stm32f4xx_usart.o(i.USART_SetAddress), (18 bytes).
    Removing stm32f4xx_usart.o(i.USART_SetGuardTime), (16 bytes).
    Removing stm32f4xx_usart.o(i.USART_SetPrescaler), (16 bytes).
    Removing stm32f4xx_usart.o(i.USART_SmartCardCmd), (24 bytes).
    Removing stm32f4xx_usart.o(i.USART_SmartCardNACKCmd), (24 bytes).
    Removing stm32f4xx_usart.o(i.USART_StructInit), (24 bytes).
    Removing stm32f4xx_usart.o(i.USART_WakeUpConfig), (18 bytes).
    Removing stm32f4xx_exti.o(.rev16_text), (4 bytes).
    Removing stm32f4xx_exti.o(.revsh_text), (4 bytes).
    Removing stm32f4xx_exti.o(.rrx_text), (6 bytes).
    Removing stm32f4xx_exti.o(i.EXTI_ClearFlag), (12 bytes).
    Removing stm32f4xx_exti.o(i.EXTI_ClearITPendingBit), (12 bytes).
    Removing stm32f4xx_exti.o(i.EXTI_DeInit), (36 bytes).
    Removing stm32f4xx_exti.o(i.EXTI_GenerateSWInterrupt), (16 bytes).
    Removing stm32f4xx_exti.o(i.EXTI_GetFlagStatus), (24 bytes).
    Removing stm32f4xx_exti.o(i.EXTI_GetITStatus), (24 bytes).
    Removing stm32f4xx_exti.o(i.EXTI_Init), (148 bytes).
    Removing stm32f4xx_exti.o(i.EXTI_StructInit), (16 bytes).
    Removing stm32f4xx_i2c.o(.rev16_text), (4 bytes).
    Removing stm32f4xx_i2c.o(.revsh_text), (4 bytes).
    Removing stm32f4xx_i2c.o(.rrx_text), (6 bytes).
    Removing stm32f4xx_i2c.o(i.I2C_ARPCmd), (24 bytes).
    Removing stm32f4xx_i2c.o(i.I2C_AcknowledgeConfig), (24 bytes).
    Removing stm32f4xx_i2c.o(i.I2C_AnalogFilterCmd), (24 bytes).
    Removing stm32f4xx_i2c.o(i.I2C_CalculatePEC), (24 bytes).
    Removing stm32f4xx_i2c.o(i.I2C_CheckEvent), (62 bytes).
    Removing stm32f4xx_i2c.o(i.I2C_ClearFlag), (12 bytes).
    Removing stm32f4xx_i2c.o(i.I2C_ClearITPendingBit), (12 bytes).
    Removing stm32f4xx_i2c.o(i.I2C_Cmd), (24 bytes).
    Removing stm32f4xx_i2c.o(i.I2C_DMACmd), (24 bytes).
    Removing stm32f4xx_i2c.o(i.I2C_DMALastTransferCmd), (24 bytes).
    Removing stm32f4xx_i2c.o(i.I2C_DeInit), (96 bytes).
    Removing stm32f4xx_i2c.o(i.I2C_DigitalFilterConfig), (22 bytes).
    Removing stm32f4xx_i2c.o(i.I2C_DualAddressCmd), (24 bytes).
    Removing stm32f4xx_i2c.o(i.I2C_FastModeDutyCycleConfig), (28 bytes).
    Removing stm32f4xx_i2c.o(i.I2C_GeneralCallCmd), (24 bytes).
    Removing stm32f4xx_i2c.o(i.I2C_GenerateSTART), (24 bytes).
    Removing stm32f4xx_i2c.o(i.I2C_GenerateSTOP), (24 bytes).
    Removing stm32f4xx_i2c.o(i.I2C_GetFlagStatus), (58 bytes).
    Removing stm32f4xx_i2c.o(i.I2C_GetITStatus), (38 bytes).
    Removing stm32f4xx_i2c.o(i.I2C_GetLastEvent), (26 bytes).
    Removing stm32f4xx_i2c.o(i.I2C_GetPEC), (8 bytes).
    Removing stm32f4xx_i2c.o(i.I2C_ITConfig), (18 bytes).
    Removing stm32f4xx_i2c.o(i.I2C_Init), (232 bytes).
    Removing stm32f4xx_i2c.o(i.I2C_NACKPositionConfig), (28 bytes).
    Removing stm32f4xx_i2c.o(i.I2C_OwnAddress2Config), (22 bytes).
    Removing stm32f4xx_i2c.o(i.I2C_PECPositionConfig), (28 bytes).
    Removing stm32f4xx_i2c.o(i.I2C_ReadRegister), (22 bytes).
    Removing stm32f4xx_i2c.o(i.I2C_ReceiveData), (8 bytes).
    Removing stm32f4xx_i2c.o(i.I2C_SMBusAlertConfig), (28 bytes).
    Removing stm32f4xx_i2c.o(i.I2C_Send7bitAddress), (16 bytes).
    Removing stm32f4xx_i2c.o(i.I2C_SendData), (4 bytes).
    Removing stm32f4xx_i2c.o(i.I2C_SoftwareResetCmd), (22 bytes).
    Removing stm32f4xx_i2c.o(i.I2C_StretchClockCmd), (24 bytes).
    Removing stm32f4xx_i2c.o(i.I2C_StructInit), (30 bytes).
    Removing stm32f4xx_i2c.o(i.I2C_TransmitPEC), (24 bytes).
    Removing misc.o(.rev16_text), (4 bytes).
    Removing misc.o(.revsh_text), (4 bytes).
    Removing misc.o(.rrx_text), (6 bytes).
    Removing misc.o(i.NVIC_PriorityGroupConfig), (20 bytes).
    Removing misc.o(i.NVIC_SetVectorTable), (20 bytes).
    Removing misc.o(i.NVIC_SystemLPConfig), (32 bytes).
    Removing misc.o(i.SysTick_CLKSourceConfig), (40 bytes).
    Removing stm32f4xx_syscfg.o(.rev16_text), (4 bytes).
    Removing stm32f4xx_syscfg.o(.revsh_text), (4 bytes).
    Removing stm32f4xx_syscfg.o(.rrx_text), (6 bytes).
    Removing stm32f4xx_syscfg.o(i.SYSCFG_CompensationCellCmd), (12 bytes).
    Removing stm32f4xx_syscfg.o(i.SYSCFG_DeInit), (22 bytes).
    Removing stm32f4xx_syscfg.o(i.SYSCFG_ETH_MediaInterfaceConfig), (12 bytes).
    Removing stm32f4xx_syscfg.o(i.SYSCFG_EXTILineConfig), (64 bytes).
    Removing stm32f4xx_syscfg.o(i.SYSCFG_GetCompensationCellStatus), (24 bytes).
    Removing stm32f4xx_syscfg.o(i.SYSCFG_MemoryRemapConfig), (12 bytes).
    Removing stm32f4xx_syscfg.o(i.SYSCFG_MemorySwappingBank), (12 bytes).

204 unused section(s) (total 121522 bytes) removed from the image.

==============================================================================

Image Symbol Table

    Local Symbols

    Symbol Name                              Value     Ov Type        Size  Object(Section)

    ../clib/../cmprslib/zerorunl2.c          0x00000000   Number         0  __dczerorl2.o ABSOLUTE
    ../clib/microlib/ctype/ctype.c           0x00000000   Number         0  ctype_c.o ABSOLUTE
    ../clib/microlib/ctype/ctype.c           0x00000000   Number         0  isdigit_o.o ABSOLUTE
    ../clib/microlib/ctype/ctype.c           0x00000000   Number         0  isblank_o.o ABSOLUTE
    ../clib/microlib/ctype/ctype.c           0x00000000   Number         0  isalpha_o.o ABSOLUTE
    ../clib/microlib/ctype/ctype.c           0x00000000   Number         0  isxdigit_o.o ABSOLUTE
    ../clib/microlib/ctype/ctype.c           0x00000000   Number         0  isupper_o.o ABSOLUTE
    ../clib/microlib/ctype/ctype.c           0x00000000   Number         0  isspace_o.o ABSOLUTE
    ../clib/microlib/ctype/ctype.c           0x00000000   Number         0  isalnum_o.o ABSOLUTE
    ../clib/microlib/ctype/ctype.c           0x00000000   Number         0  ctype_o.o ABSOLUTE
    ../clib/microlib/ctype/ctype.c           0x00000000   Number         0  ispunct_o.o ABSOLUTE
    ../clib/microlib/ctype/ctype.c           0x00000000   Number         0  isprint_o.o ABSOLUTE
    ../clib/microlib/ctype/ctype.c           0x00000000   Number         0  isspace_c.o ABSOLUTE
    ../clib/microlib/ctype/ctype.c           0x00000000   Number         0  islower_o.o ABSOLUTE
    ../clib/microlib/ctype/ctype.c           0x00000000   Number         0  isgraph_o.o ABSOLUTE
    ../clib/microlib/ctype/ctype.c           0x00000000   Number         0  iscntrl_o.o ABSOLUTE
    ../clib/microlib/division.c              0x00000000   Number         0  uldiv.o ABSOLUTE
    ../clib/microlib/division.c              0x00000000   Number         0  uidiv.o ABSOLUTE
    ../clib/microlib/errno.c                 0x00000000   Number         0  errno.o ABSOLUTE
    ../clib/microlib/init/entry.s            0x00000000   Number         0  entry9a.o ABSOLUTE
    ../clib/microlib/init/entry.s            0x00000000   Number         0  entry9b.o ABSOLUTE
    ../clib/microlib/init/entry.s            0x00000000   Number         0  entry10a.o ABSOLUTE
    ../clib/microlib/init/entry.s            0x00000000   Number         0  entry10b.o ABSOLUTE
    ../clib/microlib/init/entry.s            0x00000000   Number         0  entry11a.o ABSOLUTE
    ../clib/microlib/init/entry.s            0x00000000   Number         0  entry11b.o ABSOLUTE
    ../clib/microlib/init/entry.s            0x00000000   Number         0  entry12a.o ABSOLUTE
    ../clib/microlib/init/entry.s            0x00000000   Number         0  entry12b.o ABSOLUTE
    ../clib/microlib/init/entry.s            0x00000000   Number         0  entry2.o ABSOLUTE
    ../clib/microlib/init/entry.s            0x00000000   Number         0  entry5.o ABSOLUTE
    ../clib/microlib/init/entry.s            0x00000000   Number         0  entry.o ABSOLUTE
    ../clib/microlib/init/entry.s            0x00000000   Number         0  entry7a.o ABSOLUTE
    ../clib/microlib/init/entry.s            0x00000000   Number         0  entry7b.o ABSOLUTE
    ../clib/microlib/init/entry.s            0x00000000   Number         0  entry8a.o ABSOLUTE
    ../clib/microlib/init/entry.s            0x00000000   Number         0  entry8b.o ABSOLUTE
    ../clib/microlib/longlong.c              0x00000000   Number         0  llsshr.o ABSOLUTE
    ../clib/microlib/longlong.c              0x00000000   Number         0  llshl.o ABSOLUTE
    ../clib/microlib/longlong.c              0x00000000   Number         0  llushr.o ABSOLUTE
    ../clib/microlib/printf/printf.c         0x00000000   Number         0  printf8.o ABSOLUTE
    ../clib/microlib/printf/printf.c         0x00000000   Number         0  printf1.o ABSOLUTE
    ../clib/microlib/printf/printf.c         0x00000000   Number         0  printf2.o ABSOLUTE
    ../clib/microlib/printf/printf.c         0x00000000   Number         0  printf3.o ABSOLUTE
    ../clib/microlib/printf/printf.c         0x00000000   Number         0  printf4.o ABSOLUTE
    ../clib/microlib/printf/printf.c         0x00000000   Number         0  printfa.o ABSOLUTE
    ../clib/microlib/printf/printf.c         0x00000000   Number         0  printfb.o ABSOLUTE
    ../clib/microlib/printf/printf.c         0x00000000   Number         0  printf5.o ABSOLUTE
    ../clib/microlib/printf/printf.c         0x00000000   Number         0  printf6.o ABSOLUTE
    ../clib/microlib/printf/printf.c         0x00000000   Number         0  printf7.o ABSOLUTE
    ../clib/microlib/printf/printf.c         0x00000000   Number         0  printf0.o ABSOLUTE
    ../clib/microlib/printf/stubs.s          0x00000000   Number         0  stubs.o ABSOLUTE
    ../clib/microlib/stdio/streams.c         0x00000000   Number         0  stdout.o ABSOLUTE
    ../clib/microlib/string/memcpy.c         0x00000000   Number         0  memcpya.o ABSOLUTE
    ../clib/microlib/string/memcpy.c         0x00000000   Number         0  memcpyb.o ABSOLUTE
    ../clib/microlib/string/memset.c         0x00000000   Number         0  memseta.o ABSOLUTE
    ../clib/microlib/string/strcmp.c         0x00000000   Number         0  strcmp.o ABSOLUTE
    ../clib/microlib/string/strlen.c         0x00000000   Number         0  strlen.o ABSOLUTE
    ../clib/microlib/string/strstr.c         0x00000000   Number         0  strstr.o ABSOLUTE
    ../clib/microlib/stubs.s                 0x00000000   Number         0  iusefp.o ABSOLUTE
    ../clib/scanf.c                          0x00000000   Number         0  atoi.o ABSOLUTE
    ../clib/scanf.c                          0x00000000   Number         0  strtol.o ABSOLUTE
    ../clib/scanf.c                          0x00000000   Number         0  strtod.o ABSOLUTE
    ../clib/scanf.c                          0x00000000   Number         0  _sgetc.o ABSOLUTE
    ../clib/scanf.c                          0x00000000   Number         0  scanf_char.o ABSOLUTE
    ../clib/scanf.c                          0x00000000   Number         0  _chval.o ABSOLUTE
    ../clib/scanf.c                          0x00000000   Number         0  __0sscanf.o ABSOLUTE
    ../clib/scanf.c                          0x00000000   Number         0  _scanf_int.o ABSOLUTE
    ../clib/scanf.c                          0x00000000   Number         0  _scanf_str.o ABSOLUTE
    ../clib/scanf.c                          0x00000000   Number         0  _strtoul.o ABSOLUTE
    ../clib/scanf.c                          0x00000000   Number         0  scanf_fp.o ABSOLUTE
    ../clib/scanf.c                          0x00000000   Number         0  _scanf.o ABSOLUTE
    ../fplib/microlib/d2f.c                  0x00000000   Number         0  d2f.o ABSOLUTE
    ../fplib/microlib/f2d.c                  0x00000000   Number         0  f2d.o ABSOLUTE
    ../fplib/microlib/fpadd.c                0x00000000   Number         0  dadd.o ABSOLUTE
    ../fplib/microlib/fpdiv.c                0x00000000   Number         0  ddiv.o ABSOLUTE
    ../fplib/microlib/fpepilogue.c           0x00000000   Number         0  fepilogue.o ABSOLUTE
    ../fplib/microlib/fpepilogue.c           0x00000000   Number         0  depilogue.o ABSOLUTE
    ../fplib/microlib/fpfix.c                0x00000000   Number         0  dfixul.o ABSOLUTE
    ../fplib/microlib/fpflt.c                0x00000000   Number         0  dfltul.o ABSOLUTE
    ../fplib/microlib/fpmul.c                0x00000000   Number         0  dmul.o ABSOLUTE
    ../mathlib/atof.c                        0x00000000   Number         0  atof.o ABSOLUTE
    ..\..\..\STM32F407\firmware\driver\src\misc.c 0x00000000   Number         0  misc.o ABSOLUTE
    ..\..\..\STM32F407\firmware\driver\src\stm32f4xx_exti.c 0x00000000   Number         0  stm32f4xx_exti.o ABSOLUTE
    ..\..\..\STM32F407\firmware\driver\src\stm32f4xx_gpio.c 0x00000000   Number         0  stm32f4xx_gpio.o ABSOLUTE
    ..\..\..\STM32F407\firmware\driver\src\stm32f4xx_i2c.c 0x00000000   Number         0  stm32f4xx_i2c.o ABSOLUTE
    ..\..\..\STM32F407\firmware\driver\src\stm32f4xx_rcc.c 0x00000000   Number         0  stm32f4xx_rcc.o ABSOLUTE
    ..\..\..\STM32F407\firmware\driver\src\stm32f4xx_spi.c 0x00000000   Number         0  stm32f4xx_spi.o ABSOLUTE
    ..\..\..\STM32F407\firmware\driver\src\stm32f4xx_syscfg.c 0x00000000   Number         0  stm32f4xx_syscfg.o ABSOLUTE
    ..\..\..\STM32F407\firmware\driver\src\stm32f4xx_usart.c 0x00000000   Number         0  stm32f4xx_usart.o ABSOLUTE
    ..\\..\\..\\STM32F407\\firmware\\driver\\src\\misc.c 0x00000000   Number         0  misc.o ABSOLUTE
    ..\\..\\..\\STM32F407\\firmware\\driver\\src\\stm32f4xx_exti.c 0x00000000   Number         0  stm32f4xx_exti.o ABSOLUTE
    ..\\..\\..\\STM32F407\\firmware\\driver\\src\\stm32f4xx_gpio.c 0x00000000   Number         0  stm32f4xx_gpio.o ABSOLUTE
    ..\\..\\..\\STM32F407\\firmware\\driver\\src\\stm32f4xx_i2c.c 0x00000000   Number         0  stm32f4xx_i2c.o ABSOLUTE
    ..\\..\\..\\STM32F407\\firmware\\driver\\src\\stm32f4xx_rcc.c 0x00000000   Number         0  stm32f4xx_rcc.o ABSOLUTE
    ..\\..\\..\\STM32F407\\firmware\\driver\\src\\stm32f4xx_spi.c 0x00000000   Number         0  stm32f4xx_spi.o ABSOLUTE
    ..\\..\\..\\STM32F407\\firmware\\driver\\src\\stm32f4xx_syscfg.c 0x00000000   Number         0  stm32f4xx_syscfg.o ABSOLUTE
    ..\\..\\..\\STM32F407\\firmware\\driver\\src\\stm32f4xx_usart.c 0x00000000   Number         0  stm32f4xx_usart.o ABSOLUTE
    ..\\app\\board.c                         0x00000000   Number         0  board.o ABSOLUTE
    ..\\app\\main.c                          0x00000000   Number         0  main.o ABSOLUTE
    ..\\driver\\USART1\\usart1.c             0x00000000   Number         0  usart1.o ABSOLUTE
    ..\\driver\\cpu_delay\\cpu_delay.c       0x00000000   Number         0  cpu_delay.o ABSOLUTE
    ..\\driver\\esp32_at\\esp32.c            0x00000000   Number         0  esp32.o ABSOLUTE
    ..\\driver\\st7789\\st7789.c             0x00000000   Number         0  st7789.o ABSOLUTE
    ..\\firmware\\cmsis\\device\\system_stm32f4xx.c 0x00000000   Number         0  system_stm32f4xx.o ABSOLUTE
    ..\app\board.c                           0x00000000   Number         0  board.o ABSOLUTE
    ..\app\main.c                            0x00000000   Number         0  main.o ABSOLUTE
    ..\app\weather.c                         0x00000000   Number         0  weather.o ABSOLUTE
    ..\driver\USART1\usart1.c                0x00000000   Number         0  usart1.o ABSOLUTE
    ..\driver\cpu_delay\cpu_delay.c          0x00000000   Number         0  cpu_delay.o ABSOLUTE
    ..\driver\esp32_at\esp32.c               0x00000000   Number         0  esp32.o ABSOLUTE
    ..\driver\st7789\font\font16.c           0x00000000   Number         0  font16.o ABSOLUTE
    ..\driver\st7789\font\font32.c           0x00000000   Number         0  font32.o ABSOLUTE
    ..\driver\st7789\font\font48.c           0x00000000   Number         0  font48.o ABSOLUTE
    ..\driver\st7789\image\image.c           0x00000000   Number         0  image.o ABSOLUTE
    ..\driver\st7789\st7789.c                0x00000000   Number         0  st7789.o ABSOLUTE
    ..\firmware\cmsis\device\startup_stm32f40_41xxx.s 0x00000000   Number         0  startup_stm32f40_41xxx.o ABSOLUTE
    ..\firmware\cmsis\device\system_stm32f4xx.c 0x00000000   Number         0  system_stm32f4xx.o ABSOLUTE
    cdrcmple.s                               0x00000000   Number         0  cdrcmple.o ABSOLUTE
    dc.s                                     0x00000000   Number         0  dc.o ABSOLUTE
    handlers.s                               0x00000000   Number         0  handlers.o ABSOLUTE
    init.s                                   0x00000000   Number         0  init.o ABSOLUTE
    RESET                                    0x08000000   Section      392  startup_stm32f40_41xxx.o(RESET)
    .ARM.Collect$$$$00000000                 0x08000188   Section        0  entry.o(.ARM.Collect$$$$00000000)
    .ARM.Collect$$$$00000001                 0x08000188   Section        4  entry2.o(.ARM.Collect$$$$00000001)
    .ARM.Collect$$$$00000004                 0x0800018c   Section        4  entry5.o(.ARM.Collect$$$$00000004)
    .ARM.Collect$$$$00000008                 0x08000190   Section        0  entry7b.o(.ARM.Collect$$$$00000008)
    .ARM.Collect$$$$0000000A                 0x08000190   Section        0  entry8b.o(.ARM.Collect$$$$0000000A)
    .ARM.Collect$$$$0000000B                 0x08000190   Section        8  entry9a.o(.ARM.Collect$$$$0000000B)
    .ARM.Collect$$$$0000000E                 0x08000198   Section        4  entry12b.o(.ARM.Collect$$$$0000000E)
    .ARM.Collect$$$$0000000F                 0x0800019c   Section        0  entry10a.o(.ARM.Collect$$$$0000000F)
    .ARM.Collect$$$$00000011                 0x0800019c   Section        0  entry11a.o(.ARM.Collect$$$$00000011)
    .ARM.Collect$$$$00002712                 0x0800019c   Section        4  entry2.o(.ARM.Collect$$$$00002712)
    __lit__00000000                          0x0800019c   Data           4  entry2.o(.ARM.Collect$$$$00002712)
    .text                                    0x080001a0   Section       36  startup_stm32f40_41xxx.o(.text)
    $v0                                      0x080001a0   Number         0  startup_stm32f40_41xxx.o(.text)
    .text                                    0x080001c4   Section        0  memcpya.o(.text)
    .text                                    0x080001e8   Section        0  memseta.o(.text)
    .text                                    0x0800020c   Section        0  strstr.o(.text)
    .text                                    0x08000230   Section        0  strlen.o(.text)
    .text                                    0x0800023e   Section        0  strcmp.o(.text)
    .text                                    0x0800025c   Section        0  __0sscanf.o(.text)
    .text                                    0x08000294   Section        0  _scanf_int.o(.text)
    .text                                    0x080003e0   Section        0  _scanf_str.o(.text)
    .text                                    0x080004c0   Section        0  atoi.o(.text)
    .text                                    0x080004da   Section        0  f2d.o(.text)
    .text                                    0x08000500   Section        0  d2f.o(.text)
    .text                                    0x08000538   Section        0  uidiv.o(.text)
    .text                                    0x08000564   Section        0  uldiv.o(.text)
    .text                                    0x080005c6   Section        0  _chval.o(.text)
    .text                                    0x080005e4   Section        0  scanf_char.o(.text)
    _scanf_char_input                        0x080005e5   Thumb Code    12  scanf_char.o(.text)
    .text                                    0x0800060c   Section        0  _sgetc.o(.text)
    .text                                    0x0800064c   Section        0  strtod.o(.text)
    _local_sscanf                            0x0800064d   Thumb Code    54  strtod.o(.text)
    .text                                    0x080006e8   Section        0  strtol.o(.text)
    .text                                    0x08000758   Section        0  iusefp.o(.text)
    .text                                    0x08000758   Section        0  fepilogue.o(.text)
    .text                                    0x080007c6   Section        0  dadd.o(.text)
    .text                                    0x08000914   Section        0  dmul.o(.text)
    .text                                    0x080009f8   Section        0  ddiv.o(.text)
    .text                                    0x08000ad6   Section        0  dfixul.o(.text)
    .text                                    0x08000b08   Section       48  cdrcmple.o(.text)
    .text                                    0x08000b38   Section       36  init.o(.text)
    .text                                    0x08000b5c   Section        0  llshl.o(.text)
    .text                                    0x08000b7a   Section        0  llushr.o(.text)
    .text                                    0x08000b9a   Section        0  llsshr.o(.text)
    .text                                    0x08000bc0   Section        0  ctype_o.o(.text)
    .text                                    0x08000bc8   Section        0  isspace_o.o(.text)
    .text                                    0x08000bdc   Section        0  _scanf.o(.text)
    .text                                    0x08000f0c   Section        0  scanf_fp.o(.text)
    _fp_value                                0x08000f0d   Thumb Code   296  scanf_fp.o(.text)
    .text                                    0x0800126c   Section        0  _strtoul.o(.text)
    .text                                    0x0800130a   Section        0  depilogue.o(.text)
    .text                                    0x080013c4   Section        0  dfltul.o(.text)
    .text                                    0x080013dc   Section        0  __dczerorl2.o(.text)
    i.GPIO_Init                              0x08001432   Section        0  stm32f4xx_gpio.o(i.GPIO_Init)
    i.GPIO_PinAFConfig                       0x080014c2   Section        0  stm32f4xx_gpio.o(i.GPIO_PinAFConfig)
    i.GPIO_ResetBits                         0x08001508   Section        0  stm32f4xx_gpio.o(i.GPIO_ResetBits)
    i.GPIO_SetBits                           0x0800150e   Section        0  stm32f4xx_gpio.o(i.GPIO_SetBits)
    i.NVIC_Init                              0x08001514   Section        0  misc.o(i.NVIC_Init)
    i.RCC_AHB1PeriphClockCmd                 0x0800158c   Section        0  stm32f4xx_rcc.o(i.RCC_AHB1PeriphClockCmd)
    i.RCC_APB1PeriphClockCmd                 0x080015ac   Section        0  stm32f4xx_rcc.o(i.RCC_APB1PeriphClockCmd)
    i.RCC_APB2PeriphClockCmd                 0x080015cc   Section        0  stm32f4xx_rcc.o(i.RCC_APB2PeriphClockCmd)
    i.RCC_GetClocksFreq                      0x080015ec   Section        0  stm32f4xx_rcc.o(i.RCC_GetClocksFreq)
    i.SPI2_WriteByte                         0x080016d4   Section        0  st7789.o(i.SPI2_WriteByte)
    SPI2_WriteByte                           0x080016d5   Thumb Code    48  st7789.o(i.SPI2_WriteByte)
    i.SPI_Cmd                                0x08001708   Section        0  stm32f4xx_spi.o(i.SPI_Cmd)
    i.SPI_I2S_GetFlagStatus                  0x08001720   Section        0  stm32f4xx_spi.o(i.SPI_I2S_GetFlagStatus)
    i.SPI_I2S_ReceiveData                    0x08001732   Section        0  stm32f4xx_spi.o(i.SPI_I2S_ReceiveData)
    i.SPI_I2S_SendData                       0x08001738   Section        0  stm32f4xx_spi.o(i.SPI_I2S_SendData)
    i.SPI_Init                               0x0800173c   Section        0  stm32f4xx_spi.o(i.SPI_Init)
    i.ST7789_Clear                           0x08001778   Section        0  st7789.o(i.ST7789_Clear)
    i.ST7789_DrawPixel                       0x080017c8   Section        0  st7789.o(i.ST7789_DrawPixel)
    i.ST7789_FillRect                        0x080017e4   Section        0  st7789.o(i.ST7789_FillRect)
    i.ST7789_HW_Init                         0x08001854   Section        0  st7789.o(i.ST7789_HW_Init)
    i.ST7789_Init                            0x08001954   Section        0  st7789.o(i.ST7789_Init)
    i.ST7789_Reset                           0x08001aec   Section        0  st7789.o(i.ST7789_Reset)
    ST7789_Reset                             0x08001aed   Thumb Code    34  st7789.o(i.ST7789_Reset)
    i.ST7789_SetWindow                       0x08001b18   Section        0  st7789.o(i.ST7789_SetWindow)
    i.ST7789_ShowChar                        0x08001ba8   Section        0  st7789.o(i.ST7789_ShowChar)
    i.ST7789_ShowString                      0x08001c80   Section        0  st7789.o(i.ST7789_ShowString)
    i.ST7789_WriteCmd                        0x08001ce0   Section        0  st7789.o(i.ST7789_WriteCmd)
    ST7789_WriteCmd                          0x08001ce1   Thumb Code    36  st7789.o(i.ST7789_WriteCmd)
    i.ST7789_WriteData16                     0x08001d08   Section        0  st7789.o(i.ST7789_WriteData16)
    ST7789_WriteData16                       0x08001d09   Thumb Code    42  st7789.o(i.ST7789_WriteData16)
    i.ST7789_WriteData8                      0x08001d38   Section        0  st7789.o(i.ST7789_WriteData8)
    ST7789_WriteData8                        0x08001d39   Thumb Code    36  st7789.o(i.ST7789_WriteData8)
    i.SetSysClock                            0x08001d60   Section        0  system_stm32f4xx.o(i.SetSysClock)
    SetSysClock                              0x08001d61   Thumb Code   220  system_stm32f4xx.o(i.SetSysClock)
    i.SystemInit                             0x08001e4c   Section        0  system_stm32f4xx.o(i.SystemInit)
    i.USART3_IRQHandler                      0x08001eb4   Section        0  esp32.o(i.USART3_IRQHandler)
    i.USART_Cmd                              0x08001f60   Section        0  stm32f4xx_usart.o(i.USART_Cmd)
    i.USART_GetFlagStatus                    0x08001f78   Section        0  stm32f4xx_usart.o(i.USART_GetFlagStatus)
    i.USART_GetITStatus                      0x08001f92   Section        0  stm32f4xx_usart.o(i.USART_GetITStatus)
    i.USART_ITConfig                         0x08001fe6   Section        0  stm32f4xx_usart.o(i.USART_ITConfig)
    i.USART_Init                             0x08002030   Section        0  stm32f4xx_usart.o(i.USART_Init)
    i.USART_ReceiveData                      0x08002104   Section        0  stm32f4xx_usart.o(i.USART_ReceiveData)
    i.USART_SendData                         0x0800210e   Section        0  stm32f4xx_usart.o(i.USART_SendData)
    i.__0printf                              0x08002118   Section        0  printfa.o(i.__0printf)
    i.__0snprintf                            0x08002138   Section        0  printfa.o(i.__0snprintf)
    i.__aeabi_errno_addr                     0x0800216c   Section        0  errno.o(i.__aeabi_errno_addr)
    i.__hardfp_atof                          0x08002178   Section        0  atof.o(i.__hardfp_atof)
    i.__read_errno                           0x080021b0   Section        0  errno.o(i.__read_errno)
    i.__scatterload_copy                     0x080021bc   Section       14  handlers.o(i.__scatterload_copy)
    i.__scatterload_null                     0x080021ca   Section        2  handlers.o(i.__scatterload_null)
    i.__scatterload_zeroinit                 0x080021cc   Section       14  handlers.o(i.__scatterload_zeroinit)
    i.__set_errno                            0x080021dc   Section        0  errno.o(i.__set_errno)
    i._fp_digits                             0x080021e8   Section        0  printfa.o(i._fp_digits)
    _fp_digits                               0x080021e9   Thumb Code   366  printfa.o(i._fp_digits)
    i._is_digit                              0x0800236c   Section        0  scanf_fp.o(i._is_digit)
    i._printf_core                           0x0800237c   Section        0  printfa.o(i._printf_core)
    _printf_core                             0x0800237d   Thumb Code  1704  printfa.o(i._printf_core)
    i._printf_post_padding                   0x08002a30   Section        0  printfa.o(i._printf_post_padding)
    _printf_post_padding                     0x08002a31   Thumb Code    36  printfa.o(i._printf_post_padding)
    i._printf_pre_padding                    0x08002a54   Section        0  printfa.o(i._printf_pre_padding)
    _printf_pre_padding                      0x08002a55   Thumb Code    46  printfa.o(i._printf_pre_padding)
    i._snputc                                0x08002a82   Section        0  printfa.o(i._snputc)
    _snputc                                  0x08002a83   Thumb Code    22  printfa.o(i._snputc)
    i.board_lowlevel_init                    0x08002a98   Section        0  board.o(i.board_lowlevel_init)
    i.cpu_delay                              0x08002ab4   Section        0  cpu_delay.o(i.cpu_delay)
    i.draw_clock_ui                          0x08002b38   Section        0  main.o(i.draw_clock_ui)
    draw_clock_ui                            0x08002b39   Thumb Code   212  main.o(i.draw_clock_ui)
    i.draw_weather_ui                        0x08002c30   Section        0  main.o(i.draw_weather_ui)
    draw_weather_ui                          0x08002c31   Thumb Code   220  main.o(i.draw_weather_ui)
    i.esp32_connect_wifi_impl                0x08002d34   Section        0  esp32.o(i.esp32_connect_wifi_impl)
    esp32_connect_wifi_impl                  0x08002d35   Thumb Code    76  esp32.o(i.esp32_connect_wifi_impl)
    i.esp32_get_response_impl                0x08002db0   Section        0  esp32.o(i.esp32_get_response_impl)
    esp32_get_response_impl                  0x08002db1   Thumb Code     2  esp32.o(i.esp32_get_response_impl)
    i.esp32_get_wifi_info_impl               0x08002db4   Section        0  esp32.o(i.esp32_get_wifi_info_impl)
    esp32_get_wifi_info_impl                 0x08002db5   Thumb Code   110  esp32.o(i.esp32_get_wifi_info_impl)
    i.esp32_http_get_impl                    0x08002e5c   Section        0  esp32.o(i.esp32_http_get_impl)
    esp32_http_get_impl                      0x08002e5d   Thumb Code    50  esp32.o(i.esp32_http_get_impl)
    i.esp32_init_impl                        0x08002eb0   Section        0  esp32.o(i.esp32_init_impl)
    esp32_init_impl                          0x08002eb1   Thumb Code    98  esp32.o(i.esp32_init_impl)
    i.esp32_sntp_get_time_impl               0x08002f24   Section        0  esp32.o(i.esp32_sntp_get_time_impl)
    esp32_sntp_get_time_impl                 0x08002f25   Thumb Code   124  esp32.o(i.esp32_sntp_get_time_impl)
    i.esp32_sntp_init_impl                   0x08002ff0   Section        0  esp32.o(i.esp32_sntp_init_impl)
    esp32_sntp_init_impl                     0x08002ff1   Thumb Code    20  esp32.o(i.esp32_sntp_init_impl)
    i.esp32_usart_init                       0x08003038   Section        0  esp32.o(i.esp32_usart_init)
    esp32_usart_init                         0x08003039   Thumb Code   178  esp32.o(i.esp32_usart_init)
    i.esp32_wait_ready_impl                  0x080030f4   Section        0  esp32.o(i.esp32_wait_ready_impl)
    esp32_wait_ready_impl                    0x080030f5   Thumb Code    40  esp32.o(i.esp32_wait_ready_impl)
    i.esp32_wifi_init_impl                   0x0800311c   Section        0  esp32.o(i.esp32_wifi_init_impl)
    esp32_wifi_init_impl                     0x0800311d   Thumb Code    20  esp32.o(i.esp32_wifi_init_impl)
    i.esp32_wifi_is_connected_impl           0x0800313c   Section        0  esp32.o(i.esp32_wifi_is_connected_impl)
    esp32_wifi_is_connected_impl             0x0800313d   Thumb Code    30  esp32.o(i.esp32_wifi_is_connected_impl)
    i.esp32_write_cmd_impl                   0x0800315c   Section        0  esp32.o(i.esp32_write_cmd_impl)
    esp32_write_cmd_impl                     0x0800315d   Thumb Code   166  esp32.o(i.esp32_write_cmd_impl)
    i.fputc                                  0x08003208   Section        0  board.o(i.fputc)
    i.json_get_val_float                     0x08003220   Section        0  weather.o(i.json_get_val_float)
    json_get_val_float                       0x08003221   Thumb Code    94  weather.o(i.json_get_val_float)
    i.json_get_val_int                       0x0800327e   Section        0  weather.o(i.json_get_val_int)
    json_get_val_int                         0x0800327f   Thumb Code    70  weather.o(i.json_get_val_int)
    i.json_get_val_str                       0x080032c4   Section        0  weather.o(i.json_get_val_str)
    json_get_val_str                         0x080032c5   Thumb Code   112  weather.o(i.json_get_val_str)
    i.main                                   0x08003334   Section        0  main.o(i.main)
    i.month_str_to_num                       0x08003b74   Section        0  esp32.o(i.month_str_to_num)
    month_str_to_num                         0x08003b75   Thumb Code    54  esp32.o(i.month_str_to_num)
    i.parse_seniverse_response               0x08003bb0   Section        0  weather.o(i.parse_seniverse_response)
    i.update_status_bar                      0x08003c90   Section        0  main.o(i.update_status_bar)
    update_status_bar                        0x08003c91   Thumb Code    52  main.o(i.update_status_bar)
    i.usart1_init                            0x08003cc4   Section        0  usart1.o(i.usart1_init)
    i.usart1_send_byte                       0x08003d3c   Section        0  usart1.o(i.usart1_send_byte)
    i.weekday_str_to_num                     0x08003d5c   Section        0  esp32.o(i.weekday_str_to_num)
    weekday_str_to_num                       0x08003d5d   Thumb Code   106  esp32.o(i.weekday_str_to_num)
    .constdata                               0x08003de4   Section       32  main.o(.constdata)
    .constdata                               0x08003e04   Section     1528  font16.o(.constdata)
    ascii_model                              0x08003e04   Data        1520  font16.o(.constdata)
    .constdata                               0x080043fc   Section     6088  font32.o(.constdata)
    ascii_model                              0x080043fc   Data        6080  font32.o(.constdata)
    .constdata                               0x08005bc4   Section    13688  font48.o(.constdata)
    ascii_model                              0x08005bc4   Data       13680  font48.o(.constdata)
    .constdata                               0x0800913c   Section       80  esp32.o(.constdata)
    ack_matches                              0x0800913c   Data          32  esp32.o(.constdata)
    .constdata                               0x0800918c   Section      129  ctype_o.o(.constdata)
    .constdata                               0x08009210   Section        4  ctype_o.o(.constdata)
    table                                    0x08009210   Data           4  ctype_o.o(.constdata)
    .conststring                             0x08009214   Section      177  main.o(.conststring)
    .conststring                             0x080092c8   Section       84  esp32.o(.conststring)
    .data                                    0x20000000   Section        4  main.o(.data)
    weather_url                              0x20000000   Data           4  main.o(.data)
    .data                                    0x20000004   Section       36  board.o(.data)
    _debug_usart1                            0x20000004   Data          32  board.o(.data)
    .data                                    0x20000028   Section     1072  esp32.o(.data)
    .data                                    0x20000458   Section       20  system_stm32f4xx.o(.data)
    .data                                    0x2000046c   Section       16  stm32f4xx_rcc.o(.data)
    APBAHBPrescTable                         0x2000046c   Data          16  stm32f4xx_rcc.o(.data)
    .data                                    0x2000047c   Section        4  stdout.o(.data)
    .data                                    0x20000480   Section        4  errno.o(.data)
    _errno                                   0x20000480   Data           4  errno.o(.data)
    .bss                                     0x20000484   Section      768  esp32.o(.bss)
    cmd_buf                                  0x20000484   Data         256  esp32.o(.bss)
    cmd_buf                                  0x20000584   Data         512  esp32.o(.bss)
    STACK                                    0x20000788   Section     1024  startup_stm32f40_41xxx.o(STACK)

    Global Symbols

    Symbol Name                              Value     Ov Type        Size  Object(Section)

    BuildAttributes$$THM_ISAv4$E$P$D$K$B$S$7EM$VFPi3$EXTD16$VFPS$VFMA$PE$A:L22UL41UL21$X:L11$S22US41US21$IEEE1$IW$USESV6$~STKCKD$USESV7$~SHL$OTIME$ROPI$IEEEJ$EBA8$MICROLIB$REQ8$PRES8$EABIv2 0x00000000   Number         0  anon$$obj.o ABSOLUTE
    __ARM_use_no_argv                        0x00000000   Number         0  main.o ABSOLUTE
    _printf_a                                0x00000000   Number         0  stubs.o ABSOLUTE
    _printf_c                                0x00000000   Number         0  stubs.o ABSOLUTE
    _printf_charcount                        0x00000000   Number         0  stubs.o ABSOLUTE
    _printf_d                                0x00000000   Number         0  stubs.o ABSOLUTE
    _printf_e                                0x00000000   Number         0  stubs.o ABSOLUTE
    _printf_f                                0x00000000   Number         0  stubs.o ABSOLUTE
    _printf_flags                            0x00000000   Number         0  stubs.o ABSOLUTE
    _printf_fp_dec                           0x00000000   Number         0  stubs.o ABSOLUTE
    _printf_fp_hex                           0x00000000   Number         0  stubs.o ABSOLUTE
    _printf_g                                0x00000000   Number         0  stubs.o ABSOLUTE
    _printf_i                                0x00000000   Number         0  stubs.o ABSOLUTE
    _printf_int_dec                          0x00000000   Number         0  stubs.o ABSOLUTE
    _printf_l                                0x00000000   Number         0  stubs.o ABSOLUTE
    _printf_lc                               0x00000000   Number         0  stubs.o ABSOLUTE
    _printf_ll                               0x00000000   Number         0  stubs.o ABSOLUTE
    _printf_lld                              0x00000000   Number         0  stubs.o ABSOLUTE
    _printf_lli                              0x00000000   Number         0  stubs.o ABSOLUTE
    _printf_llo                              0x00000000   Number         0  stubs.o ABSOLUTE
    _printf_llu                              0x00000000   Number         0  stubs.o ABSOLUTE
    _printf_llx                              0x00000000   Number         0  stubs.o ABSOLUTE
    _printf_longlong_dec                     0x00000000   Number         0  stubs.o ABSOLUTE
    _printf_longlong_hex                     0x00000000   Number         0  stubs.o ABSOLUTE
    _printf_longlong_oct                     0x00000000   Number         0  stubs.o ABSOLUTE
    _printf_ls                               0x00000000   Number         0  stubs.o ABSOLUTE
    _printf_mbtowc                           0x00000000   Number         0  stubs.o ABSOLUTE
    _printf_n                                0x00000000   Number         0  stubs.o ABSOLUTE
    _printf_o                                0x00000000   Number         0  stubs.o ABSOLUTE
    _printf_p                                0x00000000   Number         0  stubs.o ABSOLUTE
    _printf_percent                          0x00000000   Number         0  stubs.o ABSOLUTE
    _printf_pre_padding                      0x00000000   Number         0  stubs.o ABSOLUTE
    _printf_return_value                     0x00000000   Number         0  stubs.o ABSOLUTE
    _printf_s                                0x00000000   Number         0  stubs.o ABSOLUTE
    _printf_sizespec                         0x00000000   Number         0  stubs.o ABSOLUTE
    _printf_str                              0x00000000   Number         0  stubs.o ABSOLUTE
    _printf_truncate_signed                  0x00000000   Number         0  stubs.o ABSOLUTE
    _printf_truncate_unsigned                0x00000000   Number         0  stubs.o ABSOLUTE
    _printf_u                                0x00000000   Number         0  stubs.o ABSOLUTE
    _printf_wc                               0x00000000   Number         0  stubs.o ABSOLUTE
    _printf_wctomb                           0x00000000   Number         0  stubs.o ABSOLUTE
    _printf_widthprec                        0x00000000   Number         0  stubs.o ABSOLUTE
    _printf_x                                0x00000000   Number         0  stubs.o ABSOLUTE
    __arm_fini_                               - Undefined Weak Reference
    __cpp_initialize__aeabi_                  - Undefined Weak Reference
    __cxa_finalize                            - Undefined Weak Reference
    _clock_init                               - Undefined Weak Reference
    _microlib_exit                            - Undefined Weak Reference
    _scanf_longlong                           - Undefined Weak Reference
    __Vectors_Size                           0x00000188   Number         0  startup_stm32f40_41xxx.o ABSOLUTE
    __Vectors                                0x08000000   Data           4  startup_stm32f40_41xxx.o(RESET)
    __Vectors_End                            0x08000188   Data           0  startup_stm32f40_41xxx.o(RESET)
    __main                                   0x08000189   Thumb Code     0  entry.o(.ARM.Collect$$$$00000000)
    _main_stk                                0x08000189   Thumb Code     0  entry2.o(.ARM.Collect$$$$00000001)
    _main_scatterload                        0x0800018d   Thumb Code     0  entry5.o(.ARM.Collect$$$$00000004)
    __main_after_scatterload                 0x08000191   Thumb Code     0  entry5.o(.ARM.Collect$$$$00000004)
    _main_clock                              0x08000191   Thumb Code     0  entry7b.o(.ARM.Collect$$$$00000008)
    _main_cpp_init                           0x08000191   Thumb Code     0  entry8b.o(.ARM.Collect$$$$0000000A)
    _main_init                               0x08000191   Thumb Code     0  entry9a.o(.ARM.Collect$$$$0000000B)
    __rt_lib_shutdown_fini                   0x08000199   Thumb Code     0  entry12b.o(.ARM.Collect$$$$0000000E)
    __rt_final_cpp                           0x0800019d   Thumb Code     0  entry10a.o(.ARM.Collect$$$$0000000F)
    __rt_final_exit                          0x0800019d   Thumb Code     0  entry11a.o(.ARM.Collect$$$$00000011)
    Reset_Handler                            0x080001a1   Thumb Code     8  startup_stm32f40_41xxx.o(.text)
    NMI_Handler                              0x080001a9   Thumb Code     2  startup_stm32f40_41xxx.o(.text)
    HardFault_Handler                        0x080001ab   Thumb Code     2  startup_stm32f40_41xxx.o(.text)
    MemManage_Handler                        0x080001ad   Thumb Code     2  startup_stm32f40_41xxx.o(.text)
    BusFault_Handler                         0x080001af   Thumb Code     2  startup_stm32f40_41xxx.o(.text)
    UsageFault_Handler                       0x080001b1   Thumb Code     2  startup_stm32f40_41xxx.o(.text)
    SVC_Handler                              0x080001b3   Thumb Code     2  startup_stm32f40_41xxx.o(.text)
    DebugMon_Handler                         0x080001b5   Thumb Code     2  startup_stm32f40_41xxx.o(.text)
    PendSV_Handler                           0x080001b7   Thumb Code     2  startup_stm32f40_41xxx.o(.text)
    SysTick_Handler                          0x080001b9   Thumb Code     2  startup_stm32f40_41xxx.o(.text)
    ADC_IRQHandler                           0x080001bb   Thumb Code     0  startup_stm32f40_41xxx.o(.text)
    CAN1_RX0_IRQHandler                      0x080001bb   Thumb Code     0  startup_stm32f40_41xxx.o(.text)
    CAN1_RX1_IRQHandler                      0x080001bb   Thumb Code     0  startup_stm32f40_41xxx.o(.text)
    CAN1_SCE_IRQHandler                      0x080001bb   Thumb Code     0  startup_stm32f40_41xxx.o(.text)
    CAN1_TX_IRQHandler                       0x080001bb   Thumb Code     0  startup_stm32f40_41xxx.o(.text)
    CAN2_RX0_IRQHandler                      0x080001bb   Thumb Code     0  startup_stm32f40_41xxx.o(.text)
    CAN2_RX1_IRQHandler                      0x080001bb   Thumb Code     0  startup_stm32f40_41xxx.o(.text)
    CAN2_SCE_IRQHandler                      0x080001bb   Thumb Code     0  startup_stm32f40_41xxx.o(.text)
    CAN2_TX_IRQHandler                       0x080001bb   Thumb Code     0  startup_stm32f40_41xxx.o(.text)
    CRYP_IRQHandler                          0x080001bb   Thumb Code     0  startup_stm32f40_41xxx.o(.text)
    DCMI_IRQHandler                          0x080001bb   Thumb Code     0  startup_stm32f40_41xxx.o(.text)
    DMA1_Stream0_IRQHandler                  0x080001bb   Thumb Code     0  startup_stm32f40_41xxx.o(.text)
    DMA1_Stream1_IRQHandler                  0x080001bb   Thumb Code     0  startup_stm32f40_41xxx.o(.text)
    DMA1_Stream2_IRQHandler                  0x080001bb   Thumb Code     0  startup_stm32f40_41xxx.o(.text)
    DMA1_Stream3_IRQHandler                  0x080001bb   Thumb Code     0  startup_stm32f40_41xxx.o(.text)
    DMA1_Stream4_IRQHandler                  0x080001bb   Thumb Code     0  startup_stm32f40_41xxx.o(.text)
    DMA1_Stream5_IRQHandler                  0x080001bb   Thumb Code     0  startup_stm32f40_41xxx.o(.text)
    DMA1_Stream6_IRQHandler                  0x080001bb   Thumb Code     0  startup_stm32f40_41xxx.o(.text)
    DMA1_Stream7_IRQHandler                  0x080001bb   Thumb Code     0  startup_stm32f40_41xxx.o(.text)
    DMA2_Stream0_IRQHandler                  0x080001bb   Thumb Code     0  startup_stm32f40_41xxx.o(.text)
    DMA2_Stream1_IRQHandler                  0x080001bb   Thumb Code     0  startup_stm32f40_41xxx.o(.text)
    DMA2_Stream2_IRQHandler                  0x080001bb   Thumb Code     0  startup_stm32f40_41xxx.o(.text)
    DMA2_Stream3_IRQHandler                  0x080001bb   Thumb Code     0  startup_stm32f40_41xxx.o(.text)
    DMA2_Stream4_IRQHandler                  0x080001bb   Thumb Code     0  startup_stm32f40_41xxx.o(.text)
    DMA2_Stream5_IRQHandler                  0x080001bb   Thumb Code     0  startup_stm32f40_41xxx.o(.text)
    DMA2_Stream6_IRQHandler                  0x080001bb   Thumb Code     0  startup_stm32f40_41xxx.o(.text)
    DMA2_Stream7_IRQHandler                  0x080001bb   Thumb Code     0  startup_stm32f40_41xxx.o(.text)
    ETH_IRQHandler                           0x080001bb   Thumb Code     0  startup_stm32f40_41xxx.o(.text)
    ETH_WKUP_IRQHandler                      0x080001bb   Thumb Code     0  startup_stm32f40_41xxx.o(.text)
    EXTI0_IRQHandler                         0x080001bb   Thumb Code     0  startup_stm32f40_41xxx.o(.text)
    EXTI15_10_IRQHandler                     0x080001bb   Thumb Code     0  startup_stm32f40_41xxx.o(.text)
    EXTI1_IRQHandler                         0x080001bb   Thumb Code     0  startup_stm32f40_41xxx.o(.text)
    EXTI2_IRQHandler                         0x080001bb   Thumb Code     0  startup_stm32f40_41xxx.o(.text)
    EXTI3_IRQHandler                         0x080001bb   Thumb Code     0  startup_stm32f40_41xxx.o(.text)
    EXTI4_IRQHandler                         0x080001bb   Thumb Code     0  startup_stm32f40_41xxx.o(.text)
    EXTI9_5_IRQHandler                       0x080001bb   Thumb Code     0  startup_stm32f40_41xxx.o(.text)
    FLASH_IRQHandler                         0x080001bb   Thumb Code     0  startup_stm32f40_41xxx.o(.text)
    FPU_IRQHandler                           0x080001bb   Thumb Code     0  startup_stm32f40_41xxx.o(.text)
    FSMC_IRQHandler                          0x080001bb   Thumb Code     0  startup_stm32f40_41xxx.o(.text)
    HASH_RNG_IRQHandler                      0x080001bb   Thumb Code     0  startup_stm32f40_41xxx.o(.text)
    I2C1_ER_IRQHandler                       0x080001bb   Thumb Code     0  startup_stm32f40_41xxx.o(.text)
    I2C1_EV_IRQHandler                       0x080001bb   Thumb Code     0  startup_stm32f40_41xxx.o(.text)
    I2C2_ER_IRQHandler                       0x080001bb   Thumb Code     0  startup_stm32f40_41xxx.o(.text)
    I2C2_EV_IRQHandler                       0x080001bb   Thumb Code     0  startup_stm32f40_41xxx.o(.text)
    I2C3_ER_IRQHandler                       0x080001bb   Thumb Code     0  startup_stm32f40_41xxx.o(.text)
    I2C3_EV_IRQHandler                       0x080001bb   Thumb Code     0  startup_stm32f40_41xxx.o(.text)
    OTG_FS_IRQHandler                        0x080001bb   Thumb Code     0  startup_stm32f40_41xxx.o(.text)
    OTG_FS_WKUP_IRQHandler                   0x080001bb   Thumb Code     0  startup_stm32f40_41xxx.o(.text)
    OTG_HS_EP1_IN_IRQHandler                 0x080001bb   Thumb Code     0  startup_stm32f40_41xxx.o(.text)
    OTG_HS_EP1_OUT_IRQHandler                0x080001bb   Thumb Code     0  startup_stm32f40_41xxx.o(.text)
    OTG_HS_IRQHandler                        0x080001bb   Thumb Code     0  startup_stm32f40_41xxx.o(.text)
    OTG_HS_WKUP_IRQHandler                   0x080001bb   Thumb Code     0  startup_stm32f40_41xxx.o(.text)
    PVD_IRQHandler                           0x080001bb   Thumb Code     0  startup_stm32f40_41xxx.o(.text)
    RCC_IRQHandler                           0x080001bb   Thumb Code     0  startup_stm32f40_41xxx.o(.text)
    RTC_Alarm_IRQHandler                     0x080001bb   Thumb Code     0  startup_stm32f40_41xxx.o(.text)
    RTC_WKUP_IRQHandler                      0x080001bb   Thumb Code     0  startup_stm32f40_41xxx.o(.text)
    SDIO_IRQHandler                          0x080001bb   Thumb Code     0  startup_stm32f40_41xxx.o(.text)
    SPI1_IRQHandler                          0x080001bb   Thumb Code     0  startup_stm32f40_41xxx.o(.text)
    SPI2_IRQHandler                          0x080001bb   Thumb Code     0  startup_stm32f40_41xxx.o(.text)
    SPI3_IRQHandler                          0x080001bb   Thumb Code     0  startup_stm32f40_41xxx.o(.text)
    TAMP_STAMP_IRQHandler                    0x080001bb   Thumb Code     0  startup_stm32f40_41xxx.o(.text)
    TIM1_BRK_TIM9_IRQHandler                 0x080001bb   Thumb Code     0  startup_stm32f40_41xxx.o(.text)
    TIM1_CC_IRQHandler                       0x080001bb   Thumb Code     0  startup_stm32f40_41xxx.o(.text)
    TIM1_TRG_COM_TIM11_IRQHandler            0x080001bb   Thumb Code     0  startup_stm32f40_41xxx.o(.text)
    TIM1_UP_TIM10_IRQHandler                 0x080001bb   Thumb Code     0  startup_stm32f40_41xxx.o(.text)
    TIM2_IRQHandler                          0x080001bb   Thumb Code     0  startup_stm32f40_41xxx.o(.text)
    TIM3_IRQHandler                          0x080001bb   Thumb Code     0  startup_stm32f40_41xxx.o(.text)
    TIM4_IRQHandler                          0x080001bb   Thumb Code     0  startup_stm32f40_41xxx.o(.text)
    TIM5_IRQHandler                          0x080001bb   Thumb Code     0  startup_stm32f40_41xxx.o(.text)
    TIM6_DAC_IRQHandler                      0x080001bb   Thumb Code     0  startup_stm32f40_41xxx.o(.text)
    TIM7_IRQHandler                          0x080001bb   Thumb Code     0  startup_stm32f40_41xxx.o(.text)
    TIM8_BRK_TIM12_IRQHandler                0x080001bb   Thumb Code     0  startup_stm32f40_41xxx.o(.text)
    TIM8_CC_IRQHandler                       0x080001bb   Thumb Code     0  startup_stm32f40_41xxx.o(.text)
    TIM8_TRG_COM_TIM14_IRQHandler            0x080001bb   Thumb Code     0  startup_stm32f40_41xxx.o(.text)
    TIM8_UP_TIM13_IRQHandler                 0x080001bb   Thumb Code     0  startup_stm32f40_41xxx.o(.text)
    UART4_IRQHandler                         0x080001bb   Thumb Code     0  startup_stm32f40_41xxx.o(.text)
    UART5_IRQHandler                         0x080001bb   Thumb Code     0  startup_stm32f40_41xxx.o(.text)
    USART1_IRQHandler                        0x080001bb   Thumb Code     0  startup_stm32f40_41xxx.o(.text)
    USART2_IRQHandler                        0x080001bb   Thumb Code     0  startup_stm32f40_41xxx.o(.text)
    USART6_IRQHandler                        0x080001bb   Thumb Code     0  startup_stm32f40_41xxx.o(.text)
    WWDG_IRQHandler                          0x080001bb   Thumb Code     0  startup_stm32f40_41xxx.o(.text)
    __aeabi_memcpy                           0x080001c5   Thumb Code    36  memcpya.o(.text)
    __aeabi_memcpy4                          0x080001c5   Thumb Code     0  memcpya.o(.text)
    __aeabi_memcpy8                          0x080001c5   Thumb Code     0  memcpya.o(.text)
    __aeabi_memset                           0x080001e9   Thumb Code    14  memseta.o(.text)
    __aeabi_memset4                          0x080001e9   Thumb Code     0  memseta.o(.text)
    __aeabi_memset8                          0x080001e9   Thumb Code     0  memseta.o(.text)
    __aeabi_memclr                           0x080001f7   Thumb Code     4  memseta.o(.text)
    __aeabi_memclr4                          0x080001f7   Thumb Code     0  memseta.o(.text)
    __aeabi_memclr8                          0x080001f7   Thumb Code     0  memseta.o(.text)
    _memset$wrapper                          0x080001fb   Thumb Code    18  memseta.o(.text)
    strstr                                   0x0800020d   Thumb Code    36  strstr.o(.text)
    strlen                                   0x08000231   Thumb Code    14  strlen.o(.text)
    strcmp                                   0x0800023f   Thumb Code    28  strcmp.o(.text)
    __0sscanf                                0x0800025d   Thumb Code    48  __0sscanf.o(.text)
    _scanf_int                               0x08000295   Thumb Code   332  _scanf_int.o(.text)
    _scanf_string                            0x080003e1   Thumb Code   224  _scanf_str.o(.text)
    atoi                                     0x080004c1   Thumb Code    26  atoi.o(.text)
    __aeabi_f2d                              0x080004db   Thumb Code    38  f2d.o(.text)
    __aeabi_d2f                              0x08000501   Thumb Code    56  d2f.o(.text)
    __aeabi_uidiv                            0x08000539   Thumb Code     0  uidiv.o(.text)
    __aeabi_uidivmod                         0x08000539   Thumb Code    44  uidiv.o(.text)
    __aeabi_uldivmod                         0x08000565   Thumb Code    98  uldiv.o(.text)
    _chval                                   0x080005c7   Thumb Code    28  _chval.o(.text)
    __vfscanf_char                           0x080005f1   Thumb Code    20  scanf_char.o(.text)
    _sgetc                                   0x0800060d   Thumb Code    30  _sgetc.o(.text)
    _sbackspace                              0x0800062b   Thumb Code    34  _sgetc.o(.text)
    __strtod_int                             0x08000683   Thumb Code    90  strtod.o(.text)
    strtol                                   0x080006e9   Thumb Code   112  strtol.o(.text)
    __I$use$fp                               0x08000759   Thumb Code     0  iusefp.o(.text)
    _float_round                             0x08000759   Thumb Code    18  fepilogue.o(.text)
    _float_epilogue                          0x0800076b   Thumb Code    92  fepilogue.o(.text)
    __aeabi_dadd                             0x080007c7   Thumb Code   322  dadd.o(.text)
    __aeabi_dsub                             0x08000909   Thumb Code     6  dadd.o(.text)
    __aeabi_drsub                            0x0800090f   Thumb Code     6  dadd.o(.text)
    __aeabi_dmul                             0x08000915   Thumb Code   228  dmul.o(.text)
    __aeabi_ddiv                             0x080009f9   Thumb Code   222  ddiv.o(.text)
    __aeabi_d2ulz                            0x08000ad7   Thumb Code    48  dfixul.o(.text)
    __aeabi_cdrcmple                         0x08000b09   Thumb Code    48  cdrcmple.o(.text)
    __scatterload                            0x08000b39   Thumb Code    28  init.o(.text)
    __scatterload_rt2                        0x08000b39   Thumb Code     0  init.o(.text)
    __aeabi_llsl                             0x08000b5d   Thumb Code    30  llshl.o(.text)
    _ll_shift_l                              0x08000b5d   Thumb Code     0  llshl.o(.text)
    __aeabi_llsr                             0x08000b7b   Thumb Code    32  llushr.o(.text)
    _ll_ushift_r                             0x08000b7b   Thumb Code     0  llushr.o(.text)
    __aeabi_lasr                             0x08000b9b   Thumb Code    36  llsshr.o(.text)
    _ll_sshift_r                             0x08000b9b   Thumb Code     0  llsshr.o(.text)
    __rt_ctype_table                         0x08000bc1   Thumb Code     4  ctype_o.o(.text)
    isspace                                  0x08000bc9   Thumb Code    18  isspace_o.o(.text)
    __vfscanf                                0x08000bdd   Thumb Code   810  _scanf.o(.text)
    _scanf_real                              0x08001035   Thumb Code     0  scanf_fp.o(.text)
    _scanf_really_real                       0x08001035   Thumb Code   556  scanf_fp.o(.text)
    _strtoul                                 0x0800126d   Thumb Code   158  _strtoul.o(.text)
    _double_round                            0x0800130b   Thumb Code    30  depilogue.o(.text)
    _double_epilogue                         0x08001329   Thumb Code   156  depilogue.o(.text)
    __aeabi_ul2d                             0x080013c5   Thumb Code    24  dfltul.o(.text)
    __decompress                             0x080013dd   Thumb Code     0  __dczerorl2.o(.text)
    __decompress1                            0x080013dd   Thumb Code    86  __dczerorl2.o(.text)
    GPIO_Init                                0x08001433   Thumb Code   144  stm32f4xx_gpio.o(i.GPIO_Init)
    GPIO_PinAFConfig                         0x080014c3   Thumb Code    70  stm32f4xx_gpio.o(i.GPIO_PinAFConfig)
    GPIO_ResetBits                           0x08001509   Thumb Code     6  stm32f4xx_gpio.o(i.GPIO_ResetBits)
    GPIO_SetBits                             0x0800150f   Thumb Code     4  stm32f4xx_gpio.o(i.GPIO_SetBits)
    NVIC_Init                                0x08001515   Thumb Code   106  misc.o(i.NVIC_Init)
    RCC_AHB1PeriphClockCmd                   0x0800158d   Thumb Code    26  stm32f4xx_rcc.o(i.RCC_AHB1PeriphClockCmd)
    RCC_APB1PeriphClockCmd                   0x080015ad   Thumb Code    26  stm32f4xx_rcc.o(i.RCC_APB1PeriphClockCmd)
    RCC_APB2PeriphClockCmd                   0x080015cd   Thumb Code    26  stm32f4xx_rcc.o(i.RCC_APB2PeriphClockCmd)
    RCC_GetClocksFreq                        0x080015ed   Thumb Code   214  stm32f4xx_rcc.o(i.RCC_GetClocksFreq)
    SPI_Cmd                                  0x08001709   Thumb Code    24  stm32f4xx_spi.o(i.SPI_Cmd)
    SPI_I2S_GetFlagStatus                    0x08001721   Thumb Code    18  stm32f4xx_spi.o(i.SPI_I2S_GetFlagStatus)
    SPI_I2S_ReceiveData                      0x08001733   Thumb Code     6  stm32f4xx_spi.o(i.SPI_I2S_ReceiveData)
    SPI_I2S_SendData                         0x08001739   Thumb Code     4  stm32f4xx_spi.o(i.SPI_I2S_SendData)
    SPI_Init                                 0x0800173d   Thumb Code    60  stm32f4xx_spi.o(i.SPI_Init)
    ST7789_Clear                             0x08001779   Thumb Code    76  st7789.o(i.ST7789_Clear)
    ST7789_DrawPixel                         0x080017c9   Thumb Code    28  st7789.o(i.ST7789_DrawPixel)
    ST7789_FillRect                          0x080017e5   Thumb Code   106  st7789.o(i.ST7789_FillRect)
    ST7789_HW_Init                           0x08001855   Thumb Code   238  st7789.o(i.ST7789_HW_Init)
    ST7789_Init                              0x08001955   Thumb Code   398  st7789.o(i.ST7789_Init)
    ST7789_SetWindow                         0x08001b19   Thumb Code   138  st7789.o(i.ST7789_SetWindow)
    ST7789_ShowChar                          0x08001ba9   Thumb Code   202  st7789.o(i.ST7789_ShowChar)
    ST7789_ShowString                        0x08001c81   Thumb Code    96  st7789.o(i.ST7789_ShowString)
    SystemInit                               0x08001e4d   Thumb Code    88  system_stm32f4xx.o(i.SystemInit)
    USART3_IRQHandler                        0x08001eb5   Thumb Code   160  esp32.o(i.USART3_IRQHandler)
    USART_Cmd                                0x08001f61   Thumb Code    24  stm32f4xx_usart.o(i.USART_Cmd)
    USART_GetFlagStatus                      0x08001f79   Thumb Code    26  stm32f4xx_usart.o(i.USART_GetFlagStatus)
    USART_GetITStatus                        0x08001f93   Thumb Code    84  stm32f4xx_usart.o(i.USART_GetITStatus)
    USART_ITConfig                           0x08001fe7   Thumb Code    74  stm32f4xx_usart.o(i.USART_ITConfig)
    USART_Init                               0x08002031   Thumb Code   204  stm32f4xx_usart.o(i.USART_Init)
    USART_ReceiveData                        0x08002105   Thumb Code    10  stm32f4xx_usart.o(i.USART_ReceiveData)
    USART_SendData                           0x0800210f   Thumb Code     8  stm32f4xx_usart.o(i.USART_SendData)
    __0printf                                0x08002119   Thumb Code    22  printfa.o(i.__0printf)
    __1printf                                0x08002119   Thumb Code     0  printfa.o(i.__0printf)
    __2printf                                0x08002119   Thumb Code     0  printfa.o(i.__0printf)
    __c89printf                              0x08002119   Thumb Code     0  printfa.o(i.__0printf)
    printf                                   0x08002119   Thumb Code     0  printfa.o(i.__0printf)
    __0snprintf                              0x08002139   Thumb Code    48  printfa.o(i.__0snprintf)
    __1snprintf                              0x08002139   Thumb Code     0  printfa.o(i.__0snprintf)
    __2snprintf                              0x08002139   Thumb Code     0  printfa.o(i.__0snprintf)
    __c89snprintf                            0x08002139   Thumb Code     0  printfa.o(i.__0snprintf)
    snprintf                                 0x08002139   Thumb Code     0  printfa.o(i.__0snprintf)
    __aeabi_errno_addr                       0x0800216d   Thumb Code     4  errno.o(i.__aeabi_errno_addr)
    __rt_errno_addr                          0x0800216d   Thumb Code     0  errno.o(i.__aeabi_errno_addr)
    __hardfp_atof                            0x08002179   Thumb Code    44  atof.o(i.__hardfp_atof)
    __read_errno                             0x080021b1   Thumb Code     6  errno.o(i.__read_errno)
    __scatterload_copy                       0x080021bd   Thumb Code    14  handlers.o(i.__scatterload_copy)
    __scatterload_null                       0x080021cb   Thumb Code     2  handlers.o(i.__scatterload_null)
    __scatterload_zeroinit                   0x080021cd   Thumb Code    14  handlers.o(i.__scatterload_zeroinit)
    __set_errno                              0x080021dd   Thumb Code     6  errno.o(i.__set_errno)
    _is_digit                                0x0800236d   Thumb Code    14  scanf_fp.o(i._is_digit)
    board_lowlevel_init                      0x08002a99   Thumb Code    28  board.o(i.board_lowlevel_init)
    cpu_delay                                0x08002ab5   Thumb Code   126  cpu_delay.o(i.cpu_delay)
    fputc                                    0x08003209   Thumb Code    20  board.o(i.fputc)
    main                                     0x08003335   Thumb Code  1760  main.o(i.main)
    parse_seniverse_response                 0x08003bb1   Thumb Code   142  weather.o(i.parse_seniverse_response)
    usart1_init                              0x08003cc5   Thumb Code   120  usart1.o(i.usart1_init)
    usart1_send_byte                         0x08003d3d   Thumb Code    30  usart1.o(i.usart1_send_byte)
    font16                                   0x080043f4   Data           8  font16.o(.constdata)
    font32                                   0x08005bbc   Data           8  font32.o(.constdata)
    font48                                   0x08009134   Data           8  font48.o(.constdata)
    __ctype_table                            0x0800918c   Data         129  ctype_o.o(.constdata)
    Region$$Table$$Base                      0x0800931c   Number         0  anon$$obj.o(Region$$Table)
    Region$$Table$$Limit                     0x0800933c   Number         0  anon$$obj.o(Region$$Table)
    usart1                                   0x20000024   Data           4  board.o(.data)
    ESP32_Device                             0x20000028   Data        1072  esp32.o(.data)
    SystemCoreClock                          0x20000458   Data           4  system_stm32f4xx.o(.data)
    AHBPrescTable                            0x2000045c   Data          16  system_stm32f4xx.o(.data)
    __stdout                                 0x2000047c   Data           4  stdout.o(.data)
    __initial_sp                             0x20000b88   Data           0  startup_stm32f40_41xxx.o(STACK)



==============================================================================

Memory Map of the image

  Image Entry point : 0x08000189

  Load Region LR_IROM1 (Base: 0x08000000, Size: 0x000097c0, Max: 0x00100000, ABSOLUTE, COMPRESSED[0x0000939c])

    Execution Region ER_IROM1 (Exec base: 0x08000000, Load base: 0x08000000, Size: 0x0000933c, Max: 0x00100000, ABSOLUTE)

    Exec Addr    Load Addr    Size         Type   Attr      Idx    E Section Name        Object

    0x08000000   0x08000000   0x00000188   Data   RO          706    RESET               startup_stm32f40_41xxx.o
    0x08000188   0x08000188   0x00000000   Code   RO         1960  * .ARM.Collect$$$$00000000  mc_w.l(entry.o)
    0x08000188   0x08000188   0x00000004   Code   RO         2248    .ARM.Collect$$$$00000001  mc_w.l(entry2.o)
    0x0800018c   0x0800018c   0x00000004   Code   RO         2251    .ARM.Collect$$$$00000004  mc_w.l(entry5.o)
    0x08000190   0x08000190   0x00000000   Code   RO         2253    .ARM.Collect$$$$00000008  mc_w.l(entry7b.o)
    0x08000190   0x08000190   0x00000000   Code   RO         2255    .ARM.Collect$$$$0000000A  mc_w.l(entry8b.o)
    0x08000190   0x08000190   0x00000008   Code   RO         2256    .ARM.Collect$$$$0000000B  mc_w.l(entry9a.o)
    0x08000198   0x08000198   0x00000004   Code   RO         2263    .ARM.Collect$$$$0000000E  mc_w.l(entry12b.o)
    0x0800019c   0x0800019c   0x00000000   Code   RO         2258    .ARM.Collect$$$$0000000F  mc_w.l(entry10a.o)
    0x0800019c   0x0800019c   0x00000000   Code   RO         2260    .ARM.Collect$$$$00000011  mc_w.l(entry11a.o)
    0x0800019c   0x0800019c   0x00000004   Code   RO         2249    .ARM.Collect$$$$00002712  mc_w.l(entry2.o)
    0x080001a0   0x080001a0   0x00000024   Code   RO          707    .text               startup_stm32f40_41xxx.o
    0x080001c4   0x080001c4   0x00000024   Code   RO         1963    .text               mc_w.l(memcpya.o)
    0x080001e8   0x080001e8   0x00000024   Code   RO         1965    .text               mc_w.l(memseta.o)
    0x0800020c   0x0800020c   0x00000024   Code   RO         1967    .text               mc_w.l(strstr.o)
    0x08000230   0x08000230   0x0000000e   Code   RO         1969    .text               mc_w.l(strlen.o)
    0x0800023e   0x0800023e   0x0000001c   Code   RO         1971    .text               mc_w.l(strcmp.o)
    0x0800025a   0x0800025a   0x00000002   PAD
    0x0800025c   0x0800025c   0x00000038   Code   RO         2236    .text               mc_w.l(__0sscanf.o)
    0x08000294   0x08000294   0x0000014c   Code   RO         2238    .text               mc_w.l(_scanf_int.o)
    0x080003e0   0x080003e0   0x000000e0   Code   RO         2240    .text               mc_w.l(_scanf_str.o)
    0x080004c0   0x080004c0   0x0000001a   Code   RO         2242    .text               mc_w.l(atoi.o)
    0x080004da   0x080004da   0x00000026   Code   RO         2244    .text               mf_w.l(f2d.o)
    0x08000500   0x08000500   0x00000038   Code   RO         2246    .text               mf_w.l(d2f.o)
    0x08000538   0x08000538   0x0000002c   Code   RO         2265    .text               mc_w.l(uidiv.o)
    0x08000564   0x08000564   0x00000062   Code   RO         2267    .text               mc_w.l(uldiv.o)
    0x080005c6   0x080005c6   0x0000001c   Code   RO         2276    .text               mc_w.l(_chval.o)
    0x080005e2   0x080005e2   0x00000002   PAD
    0x080005e4   0x080005e4   0x00000028   Code   RO         2278    .text               mc_w.l(scanf_char.o)
    0x0800060c   0x0800060c   0x00000040   Code   RO         2280    .text               mc_w.l(_sgetc.o)
    0x0800064c   0x0800064c   0x0000009c   Code   RO         2282    .text               mc_w.l(strtod.o)
    0x080006e8   0x080006e8   0x00000070   Code   RO         2284    .text               mc_w.l(strtol.o)
    0x08000758   0x08000758   0x00000000   Code   RO         2286    .text               mc_w.l(iusefp.o)
    0x08000758   0x08000758   0x0000006e   Code   RO         2287    .text               mf_w.l(fepilogue.o)
    0x080007c6   0x080007c6   0x0000014e   Code   RO         2289    .text               mf_w.l(dadd.o)
    0x08000914   0x08000914   0x000000e4   Code   RO         2291    .text               mf_w.l(dmul.o)
    0x080009f8   0x080009f8   0x000000de   Code   RO         2293    .text               mf_w.l(ddiv.o)
    0x08000ad6   0x08000ad6   0x00000030   Code   RO         2295    .text               mf_w.l(dfixul.o)
    0x08000b06   0x08000b06   0x00000002   PAD
    0x08000b08   0x08000b08   0x00000030   Code   RO         2297    .text               mf_w.l(cdrcmple.o)
    0x08000b38   0x08000b38   0x00000024   Code   RO         2299    .text               mc_w.l(init.o)
    0x08000b5c   0x08000b5c   0x0000001e   Code   RO         2301    .text               mc_w.l(llshl.o)
    0x08000b7a   0x08000b7a   0x00000020   Code   RO         2303    .text               mc_w.l(llushr.o)
    0x08000b9a   0x08000b9a   0x00000024   Code   RO         2305    .text               mc_w.l(llsshr.o)
    0x08000bbe   0x08000bbe   0x00000002   PAD
    0x08000bc0   0x08000bc0   0x00000008   Code   RO         2309    .text               mc_w.l(ctype_o.o)
    0x08000bc8   0x08000bc8   0x00000012   Code   RO         2331    .text               mc_w.l(isspace_o.o)
    0x08000bda   0x08000bda   0x00000002   PAD
    0x08000bdc   0x08000bdc   0x00000330   Code   RO         2337    .text               mc_w.l(_scanf.o)
    0x08000f0c   0x08000f0c   0x00000360   Code   RO         2339    .text               mc_w.l(scanf_fp.o)
    0x0800126c   0x0800126c   0x0000009e   Code   RO         2343    .text               mc_w.l(_strtoul.o)
    0x0800130a   0x0800130a   0x000000ba   Code   RO         2345    .text               mf_w.l(depilogue.o)
    0x080013c4   0x080013c4   0x00000018   Code   RO         2350    .text               mf_w.l(dfltul.o)
    0x080013dc   0x080013dc   0x00000056   Code   RO         2360    .text               mc_w.l(__dczerorl2.o)
    0x08001432   0x08001432   0x00000090   Code   RO          924    i.GPIO_Init         stm32f4xx_gpio.o
    0x080014c2   0x080014c2   0x00000046   Code   RO          925    i.GPIO_PinAFConfig  stm32f4xx_gpio.o
    0x08001508   0x08001508   0x00000006   Code   RO          931    i.GPIO_ResetBits    stm32f4xx_gpio.o
    0x0800150e   0x0800150e   0x00000004   Code   RO          932    i.GPIO_SetBits      stm32f4xx_gpio.o
    0x08001512   0x08001512   0x00000002   PAD
    0x08001514   0x08001514   0x00000078   Code   RO         1849    i.NVIC_Init         misc.o
    0x0800158c   0x0800158c   0x00000020   Code   RO         1025    i.RCC_AHB1PeriphClockCmd  stm32f4xx_rcc.o
    0x080015ac   0x080015ac   0x00000020   Code   RO         1034    i.RCC_APB1PeriphClockCmd  stm32f4xx_rcc.o
    0x080015cc   0x080015cc   0x00000020   Code   RO         1037    i.RCC_APB2PeriphClockCmd  stm32f4xx_rcc.o
    0x080015ec   0x080015ec   0x000000e8   Code   RO         1046    i.RCC_GetClocksFreq  stm32f4xx_rcc.o
    0x080016d4   0x080016d4   0x00000034   Code   RO          411    i.SPI2_WriteByte    st7789.o
    0x08001708   0x08001708   0x00000018   Code   RO          761    i.SPI_Cmd           stm32f4xx_spi.o
    0x08001720   0x08001720   0x00000012   Code   RO          769    i.SPI_I2S_GetFlagStatus  stm32f4xx_spi.o
    0x08001732   0x08001732   0x00000006   Code   RO          772    i.SPI_I2S_ReceiveData  stm32f4xx_spi.o
    0x08001738   0x08001738   0x00000004   Code   RO          773    i.SPI_I2S_SendData  stm32f4xx_spi.o
    0x0800173c   0x0800173c   0x0000003c   Code   RO          774    i.SPI_Init          stm32f4xx_spi.o
    0x08001778   0x08001778   0x00000050   Code   RO          412    i.ST7789_Clear      st7789.o
    0x080017c8   0x080017c8   0x0000001c   Code   RO          413    i.ST7789_DrawPixel  st7789.o
    0x080017e4   0x080017e4   0x00000070   Code   RO          414    i.ST7789_FillRect   st7789.o
    0x08001854   0x08001854   0x00000100   Code   RO          415    i.ST7789_HW_Init    st7789.o
    0x08001954   0x08001954   0x00000198   Code   RO          416    i.ST7789_Init       st7789.o
    0x08001aec   0x08001aec   0x0000002c   Code   RO          417    i.ST7789_Reset      st7789.o
    0x08001b18   0x08001b18   0x00000090   Code   RO          418    i.ST7789_SetWindow  st7789.o
    0x08001ba8   0x08001ba8   0x000000d8   Code   RO          419    i.ST7789_ShowChar   st7789.o
    0x08001c80   0x08001c80   0x00000060   Code   RO          421    i.ST7789_ShowString  st7789.o
    0x08001ce0   0x08001ce0   0x00000028   Code   RO          422    i.ST7789_WriteCmd   st7789.o
    0x08001d08   0x08001d08   0x00000030   Code   RO          423    i.ST7789_WriteData16  st7789.o
    0x08001d38   0x08001d38   0x00000028   Code   RO          424    i.ST7789_WriteData8  st7789.o
    0x08001d60   0x08001d60   0x000000ec   Code   RO          714    i.SetSysClock       system_stm32f4xx.o
    0x08001e4c   0x08001e4c   0x00000068   Code   RO          716    i.SystemInit        system_stm32f4xx.o
    0x08001eb4   0x08001eb4   0x000000ac   Code   RO          600    i.USART3_IRQHandler  esp32.o
    0x08001f60   0x08001f60   0x00000018   Code   RO         1367    i.USART_Cmd         stm32f4xx_usart.o
    0x08001f78   0x08001f78   0x0000001a   Code   RO         1370    i.USART_GetFlagStatus  stm32f4xx_usart.o
    0x08001f92   0x08001f92   0x00000054   Code   RO         1371    i.USART_GetITStatus  stm32f4xx_usart.o
    0x08001fe6   0x08001fe6   0x0000004a   Code   RO         1373    i.USART_ITConfig    stm32f4xx_usart.o
    0x08002030   0x08002030   0x000000d4   Code   RO         1374    i.USART_Init        stm32f4xx_usart.o
    0x08002104   0x08002104   0x0000000a   Code   RO         1381    i.USART_ReceiveData  stm32f4xx_usart.o
    0x0800210e   0x0800210e   0x00000008   Code   RO         1384    i.USART_SendData    stm32f4xx_usart.o
    0x08002116   0x08002116   0x00000002   PAD
    0x08002118   0x08002118   0x00000020   Code   RO         2208    i.__0printf         mc_w.l(printfa.o)
    0x08002138   0x08002138   0x00000034   Code   RO         2209    i.__0snprintf       mc_w.l(printfa.o)
    0x0800216c   0x0800216c   0x00000008   Code   RO         2269    i.__aeabi_errno_addr  mc_w.l(errno.o)
    0x08002174   0x08002174   0x00000004   PAD
    0x08002178   0x08002178   0x00000038   Code   RO         1954    i.__hardfp_atof     m_wm.l(atof.o)
    0x080021b0   0x080021b0   0x0000000c   Code   RO         2270    i.__read_errno      mc_w.l(errno.o)
    0x080021bc   0x080021bc   0x0000000e   Code   RO         2354    i.__scatterload_copy  mc_w.l(handlers.o)
    0x080021ca   0x080021ca   0x00000002   Code   RO         2355    i.__scatterload_null  mc_w.l(handlers.o)
    0x080021cc   0x080021cc   0x0000000e   Code   RO         2356    i.__scatterload_zeroinit  mc_w.l(handlers.o)
    0x080021da   0x080021da   0x00000002   PAD
    0x080021dc   0x080021dc   0x0000000c   Code   RO         2271    i.__set_errno       mc_w.l(errno.o)
    0x080021e8   0x080021e8   0x00000184   Code   RO         2215    i._fp_digits        mc_w.l(printfa.o)
    0x0800236c   0x0800236c   0x0000000e   Code   RO         2341    i._is_digit         mc_w.l(scanf_fp.o)
    0x0800237a   0x0800237a   0x00000002   PAD
    0x0800237c   0x0800237c   0x000006b4   Code   RO         2216    i._printf_core      mc_w.l(printfa.o)
    0x08002a30   0x08002a30   0x00000024   Code   RO         2217    i._printf_post_padding  mc_w.l(printfa.o)
    0x08002a54   0x08002a54   0x0000002e   Code   RO         2218    i._printf_pre_padding  mc_w.l(printfa.o)
    0x08002a82   0x08002a82   0x00000016   Code   RO         2219    i._snputc           mc_w.l(printfa.o)
    0x08002a98   0x08002a98   0x0000001c   Code   RO          194    i.board_lowlevel_init  board.o
    0x08002ab4   0x08002ab4   0x00000084   Code   RO          525    i.cpu_delay         cpu_delay.o
    0x08002b38   0x08002b38   0x000000f8   Code   RO            4    i.draw_clock_ui     main.o
    0x08002c30   0x08002c30   0x00000104   Code   RO            5    i.draw_weather_ui   main.o
    0x08002d34   0x08002d34   0x0000007c   Code   RO          601    i.esp32_connect_wifi_impl  esp32.o
    0x08002db0   0x08002db0   0x00000002   Code   RO          602    i.esp32_get_response_impl  esp32.o
    0x08002db2   0x08002db2   0x00000002   PAD
    0x08002db4   0x08002db4   0x000000a8   Code   RO          603    i.esp32_get_wifi_info_impl  esp32.o
    0x08002e5c   0x08002e5c   0x00000054   Code   RO          604    i.esp32_http_get_impl  esp32.o
    0x08002eb0   0x08002eb0   0x00000074   Code   RO          605    i.esp32_init_impl   esp32.o
    0x08002f24   0x08002f24   0x000000cc   Code   RO          606    i.esp32_sntp_get_time_impl  esp32.o
    0x08002ff0   0x08002ff0   0x00000048   Code   RO          607    i.esp32_sntp_init_impl  esp32.o
    0x08003038   0x08003038   0x000000bc   Code   RO          608    i.esp32_usart_init  esp32.o
    0x080030f4   0x080030f4   0x00000028   Code   RO          609    i.esp32_wait_ready_impl  esp32.o
    0x0800311c   0x0800311c   0x00000020   Code   RO          610    i.esp32_wifi_init_impl  esp32.o
    0x0800313c   0x0800313c   0x0000001e   Code   RO          611    i.esp32_wifi_is_connected_impl  esp32.o
    0x0800315a   0x0800315a   0x00000002   PAD
    0x0800315c   0x0800315c   0x000000ac   Code   RO          612    i.esp32_write_cmd_impl  esp32.o
    0x08003208   0x08003208   0x00000018   Code   RO          195    i.fputc             board.o
    0x08003220   0x08003220   0x0000005e   Code   RO          341    i.json_get_val_float  weather.o
    0x0800327e   0x0800327e   0x00000046   Code   RO          342    i.json_get_val_int  weather.o
    0x080032c4   0x080032c4   0x00000070   Code   RO          343    i.json_get_val_str  weather.o
    0x08003334   0x08003334   0x00000840   Code   RO            6    i.main              main.o
    0x08003b74   0x08003b74   0x0000003c   Code   RO          613    i.month_str_to_num  esp32.o
    0x08003bb0   0x08003bb0   0x000000e0   Code   RO          344    i.parse_seniverse_response  weather.o
    0x08003c90   0x08003c90   0x00000034   Code   RO            7    i.update_status_bar  main.o
    0x08003cc4   0x08003cc4   0x00000078   Code   RO          381    i.usart1_init       usart1.o
    0x08003d3c   0x08003d3c   0x0000001e   Code   RO          382    i.usart1_send_byte  usart1.o
    0x08003d5a   0x08003d5a   0x00000002   PAD
    0x08003d5c   0x08003d5c   0x00000088   Code   RO          614    i.weekday_str_to_num  esp32.o
    0x08003de4   0x08003de4   0x00000020   Data   RO            8    .constdata          main.o
    0x08003e04   0x08003e04   0x000005f8   Data   RO          546    .constdata          font16.o
    0x080043fc   0x080043fc   0x000017c8   Data   RO          559    .constdata          font32.o
    0x08005bc4   0x08005bc4   0x00003578   Data   RO          572    .constdata          font48.o
    0x0800913c   0x0800913c   0x00000050   Data   RO          616    .constdata          esp32.o
    0x0800918c   0x0800918c   0x00000081   Data   RO         2310    .constdata          mc_w.l(ctype_o.o)
    0x0800920d   0x0800920d   0x00000003   PAD
    0x08009210   0x08009210   0x00000004   Data   RO         2311    .constdata          mc_w.l(ctype_o.o)
    0x08009214   0x08009214   0x000000b1   Data   RO            9    .conststring        main.o
    0x080092c5   0x080092c5   0x00000003   PAD
    0x080092c8   0x080092c8   0x00000054   Data   RO          617    .conststring        esp32.o
    0x0800931c   0x0800931c   0x00000020   Data   RO         2352    Region$$Table       anon$$obj.o


    Execution Region RW_IRAM1 (Exec base: 0x20000000, Load base: 0x0800933c, Size: 0x00000b88, Max: 0x00020000, ABSOLUTE, COMPRESSED[0x00000060])

    Exec Addr    Load Addr    Size         Type   Attr      Idx    E Section Name        Object

    0x20000000   COMPRESSED   0x00000004   Data   RW           10    .data               main.o
    0x20000004   COMPRESSED   0x00000024   Data   RW          196    .data               board.o
    0x20000028   COMPRESSED   0x00000430   Data   RW          618    .data               esp32.o
    0x20000458   COMPRESSED   0x00000014   Data   RW          717    .data               system_stm32f4xx.o
    0x2000046c   COMPRESSED   0x00000010   Data   RW         1078    .data               stm32f4xx_rcc.o
    0x2000047c   COMPRESSED   0x00000004   Data   RW         2264    .data               mc_w.l(stdout.o)
    0x20000480   COMPRESSED   0x00000004   Data   RW         2272    .data               mc_w.l(errno.o)
    0x20000484        -       0x00000300   Zero   RW          615    .bss                esp32.o
    0x20000784   COMPRESSED   0x00000004   PAD
    0x20000788        -       0x00000400   Zero   RW          704    STACK               startup_stm32f40_41xxx.o


==============================================================================

Image component sizes


      Code (inc. data)   RO Data    RW Data    ZI Data      Debug   Object Name

        52          4          0         36          0     279451   board.o
       132          6          0          0          0        592   cpu_delay.o
      1600        366        164       1072        768      12759   esp32.o
         0          0       1528          0          0       1297   font16.o
         0          0       6088          0          0       1297   font32.o
         0          0      13688          0          0       1297   font48.o
      2672       1308        209          4          0     262382   main.o
       120         14          0          0          0       1272   misc.o
      1564         86          0          0          0      10535   st7789.o
        36          8        392          0       1024        892   startup_stm32f40_41xxx.o
       224          0          0          0          0       3351   stm32f4xx_gpio.o
       328         36          0         16          0       5167   stm32f4xx_rcc.o
       112          0          0          0          0       4026   stm32f4xx_spi.o
       438          8          0          0          0       6141   stm32f4xx_usart.o
       340         32          0         20          0       2133   system_stm32f4xx.o
       150          0          0          0          0       1341   usart1.o
       500         82          0          0          0       4339   weather.o

    ----------------------------------------------------------------------
      8278       1950      22104       1148       1796     598272   Object Totals
         0          0         32          0          0          0   (incl. Generated)
        10          0          3          0          4          0   (incl. Padding)

    ----------------------------------------------------------------------

      Code (inc. data)   RO Data    RW Data    ZI Data      Debug   Library Member Name

        56         12          0          0          0        132   atof.o
        56          8          0          0          0         84   __0sscanf.o
        86          0          0          0          0          0   __dczerorl2.o
        28          0          0          0          0         68   _chval.o
       816          6          0          0          0        112   _scanf.o
       332          0          0          0          0         96   _scanf_int.o
       224          0          0          0          0         96   _scanf_str.o
        64          0          0          0          0         84   _sgetc.o
       158          0          0          0          0         92   _strtoul.o
        26          0          0          0          0         80   atoi.o
         8          4        133          0          0         68   ctype_o.o
         0          0          0          0          0          0   entry.o
         0          0          0          0          0          0   entry10a.o
         0          0          0          0          0          0   entry11a.o
         4          0          0          0          0          0   entry12b.o
         8          4          0          0          0          0   entry2.o
         4          0          0          0          0          0   entry5.o
         0          0          0          0          0          0   entry7b.o
         0          0          0          0          0          0   entry8b.o
         8          4          0          0          0          0   entry9a.o
        32         16          0          4          0        204   errno.o
        30          0          0          0          0          0   handlers.o
        36          8          0          0          0         68   init.o
        18          0          0          0          0         76   isspace_o.o
         0          0          0          0          0          0   iusefp.o
        30          0          0          0          0         68   llshl.o
        36          0          0          0          0         68   llsshr.o
        32          0          0          0          0         68   llushr.o
        36          0          0          0          0         68   memcpya.o
        36          0          0          0          0        108   memseta.o
      2292         94          0          0          0        620   printfa.o
        40          8          0          0          0         84   scanf_char.o
       878         12          0          0          0        216   scanf_fp.o
         0          0          0          4          0          0   stdout.o
        28          0          0          0          0         76   strcmp.o
        14          0          0          0          0         68   strlen.o
        36          0          0          0          0         80   strstr.o
       156         12          0          0          0        120   strtod.o
       112          0          0          0          0         88   strtol.o
        44          0          0          0          0         80   uidiv.o
        98          0          0          0          0         92   uldiv.o
        48          0          0          0          0         68   cdrcmple.o
        56          0          0          0          0         88   d2f.o
       334          0          0          0          0        148   dadd.o
       222          0          0          0          0        100   ddiv.o
       186          0          0          0          0        176   depilogue.o
        48          0          0          0          0         68   dfixul.o
        24          0          0          0          0         76   dfltul.o
       228          0          0          0          0         96   dmul.o
        38          0          0          0          0         68   f2d.o
       110          0          0          0          0        168   fepilogue.o

    ----------------------------------------------------------------------
      7174        192        136          8          0       4220   Library Totals
        18          4          3          0          0          0   (incl. Padding)

    ----------------------------------------------------------------------

      Code (inc. data)   RO Data    RW Data    ZI Data      Debug   Library Name

        56         12          0          0          0        132   m_wm.l
      5806        176        133          8          0       3032   mc_w.l
      1294          0          0          0          0       1056   mf_w.l

    ----------------------------------------------------------------------
      7174        192        136          8          0       4220   Library Totals

    ----------------------------------------------------------------------

==============================================================================


      Code (inc. data)   RO Data    RW Data    ZI Data      Debug   

     15452       2142      22240       1156       1796     594492   Grand Totals
     15452       2142      22240         96       1796     594492   ELF Image Totals (compressed)
     15452       2142      22240         96          0          0   ROM Totals

==============================================================================

    Total RO  Size (Code + RO Data)                37692 (  36.81kB)
    Total RW  Size (RW Data + ZI Data)              2952 (   2.88kB)
    Total ROM Size (Code + RO Data + RW Data)      37788 (  36.90kB)

==============================================================================

